Component: Arm Compiler for Embedded 6.19 Tool: armlink [5e73cb00]

==============================================================================

Section Cross References

    systick.o(.text.systick_config) refers to system_gd32e501.o(.data.SystemCoreClock) for SystemCoreClock
    systick.o(.text.systick_config) refers to systick.o(.text.SysTick_Config) for SysTick_Config
    systick.o(.text.systick_config) refers to systick.o(.text.__NVIC_SetPriority) for __NVIC_SetPriority
    systick.o(.ARM.exidx.text.systick_config) refers to systick.o(.text.systick_config) for [Anonymous Symbol]
    systick.o(.text.SysTick_Config) refers to systick.o(.text.__NVIC_SetPriority) for __NVIC_SetPriority
    systick.o(.ARM.exidx.text.SysTick_Config) refers to systick.o(.text.SysTick_Config) for [Anonymous Symbol]
    systick.o(.ARM.exidx.text.__NVIC_SetPriority) refers to systick.o(.text.__NVIC_SetPriority) for [Anonymous Symbol]
    systick.o(.text.delay_1ms) refers to systick.o(.bss.delay) for delay
    systick.o(.ARM.exidx.text.delay_1ms) refers to systick.o(.text.delay_1ms) for [Anonymous Symbol]
    systick.o(.text.delay_decrement) refers to systick.o(.bss.delay) for delay
    systick.o(.ARM.exidx.text.delay_decrement) refers to systick.o(.text.delay_decrement) for [Anonymous Symbol]
    gd32e501_it.o(.ARM.exidx.text.NMI_Handler) refers to gd32e501_it.o(.text.NMI_Handler) for [Anonymous Symbol]
    gd32e501_it.o(.ARM.exidx.text.HardFault_Handler) refers to gd32e501_it.o(.text.HardFault_Handler) for [Anonymous Symbol]
    gd32e501_it.o(.ARM.exidx.text.SVC_Handler) refers to gd32e501_it.o(.text.SVC_Handler) for [Anonymous Symbol]
    gd32e501_it.o(.ARM.exidx.text.PendSV_Handler) refers to gd32e501_it.o(.text.PendSV_Handler) for [Anonymous Symbol]
    gd32e501_it.o(.text.I2C1_EV_IRQHandler) refers to i2c_opt_ie.o(.text.master_i2c_event_irq_handler) for master_i2c_event_irq_handler
    gd32e501_it.o(.ARM.exidx.text.I2C1_EV_IRQHandler) refers to gd32e501_it.o(.text.I2C1_EV_IRQHandler) for [Anonymous Symbol]
    gd32e501_it.o(.text.I2C1_ER_IRQHandler) refers to i2c_opt_ie.o(.text.master_i2c_error_irq_handler) for master_i2c_error_irq_handler
    gd32e501_it.o(.ARM.exidx.text.I2C1_ER_IRQHandler) refers to gd32e501_it.o(.text.I2C1_ER_IRQHandler) for [Anonymous Symbol]
    gd32e501_it.o(.text.I2C0_EV_IRQHandler) refers to i2c_opt_ie.o(.text.master_i2c_event_irq_handler) for master_i2c_event_irq_handler
    gd32e501_it.o(.ARM.exidx.text.I2C0_EV_IRQHandler) refers to gd32e501_it.o(.text.I2C0_EV_IRQHandler) for [Anonymous Symbol]
    gd32e501_it.o(.text.I2C0_ER_IRQHandler) refers to i2c_opt_ie.o(.text.master_i2c_error_irq_handler) for master_i2c_error_irq_handler
    gd32e501_it.o(.ARM.exidx.text.I2C0_ER_IRQHandler) refers to gd32e501_it.o(.text.I2C0_ER_IRQHandler) for [Anonymous Symbol]
    gd32e501_it.o(.text.I2C2_EV_IRQHandler) refers to i2c_opt_ie.o(.text.slave_event_irq_handler) for slave_event_irq_handler
    gd32e501_it.o(.ARM.exidx.text.I2C2_EV_IRQHandler) refers to gd32e501_it.o(.text.I2C2_EV_IRQHandler) for [Anonymous Symbol]
    gd32e501_it.o(.text.I2C2_ER_IRQHandler) refers to i2c_opt_ie.o(.text.slave_error_irq_handler) for slave_error_irq_handler
    gd32e501_it.o(.ARM.exidx.text.I2C2_ER_IRQHandler) refers to gd32e501_it.o(.text.I2C2_ER_IRQHandler) for [Anonymous Symbol]
    gd32e501_it.o(.text.SysTick_Handler) refers to mcu_global_vars_param.o(.bss.g_mcu_vars_param) for g_mcu_vars_param
    gd32e501_it.o(.text.SysTick_Handler) refers to systick.o(.text.delay_decrement) for delay_decrement
    gd32e501_it.o(.ARM.exidx.text.SysTick_Handler) refers to gd32e501_it.o(.text.SysTick_Handler) for [Anonymous Symbol]
    gd32e501_it.o(.text.EXTI4_15_IRQHandler) refers to gd32e501_exti.o(.text.exti_interrupt_flag_get) for exti_interrupt_flag_get
    gd32e501_it.o(.text.EXTI4_15_IRQHandler) refers to mcu_global_vars_param.o(.bss.g_mcu_vars_param) for g_mcu_vars_param
    gd32e501_it.o(.text.EXTI4_15_IRQHandler) refers to ddm_50g_config_interface.o(.text.ddm_50g_rssi_start_sample_adc_action) for ddm_50g_rssi_start_sample_adc_action
    gd32e501_it.o(.text.EXTI4_15_IRQHandler) refers to ddm_10g_config_interface.o(.text.ddm_10g_rssi_start_sample_adc_action) for ddm_10g_rssi_start_sample_adc_action
    gd32e501_it.o(.text.EXTI4_15_IRQHandler) refers to ddm_1g_config_interface.o(.text.ddm_1g_rssi_start_sample_adc_action) for ddm_1g_rssi_start_sample_adc_action
    gd32e501_it.o(.text.EXTI4_15_IRQHandler) refers to gd32e501_exti.o(.text.exti_interrupt_flag_clear) for exti_interrupt_flag_clear
    gd32e501_it.o(.ARM.exidx.text.EXTI4_15_IRQHandler) refers to gd32e501_it.o(.text.EXTI4_15_IRQHandler) for [Anonymous Symbol]
    gd32e501_it.o(.text.USART0_IRQHandler) refers to gd32e501_usart.o(.text.usart_interrupt_flag_get) for usart_interrupt_flag_get
    gd32e501_it.o(.text.USART0_IRQHandler) refers to gd32e501_usart.o(.text.usart_data_receive) for usart_data_receive
[...]
    a0                                       0x20000014   Data         256  sff_8472.o(.data.a0)
    a2                                       0x20000114   Data         256  sff_8472.o(.data.a2)
    b0                                       0x20000214   Data         256  sff_8472.o(.data.b0)
    b2                                       0x20000314   Data         256  sff_8472.o(.data.b2)
    c0                                       0x20000414   Data         256  sff_8472.o(.data.c0)
    c2                                       0x20000514   Data         256  sff_8472.o(.data.c2)
    g_case_temp_adc                          0x20000614   Data          68  thermistor_rth.o(.data.g_case_temp_adc)
    g_funcCat0Para                           0x20000658   Data          48  do_cmd_struct.o(.data.g_funcCat0Para)
    g_funcCat1Para                           0x20000688   Data          48  do_cmd_struct.o(.data.g_funcCat1Para)
    g_funcCat2Para                           0x200006b8   Data          48  do_cmd_struct.o(.data.g_funcCat2Para)
    g_funcCat3Para                           0x200006e8   Data          32  do_cmd_struct.o(.data.g_funcCat3Para)
    g_funcCat4Para                           0x20000708   Data          16  do_cmd_struct.o(.data.g_funcCat4Para)
    g_funcCat5Para                           0x20000718   Data          80  do_cmd_struct.o(.data.g_funcCat5Para)
    g_funcCat6Para                           0x20000768   Data          16  do_cmd_struct.o(.data.g_funcCat6Para)
    g_hpllFre                                0x20000778   Data         184  dsp_hpll_init.o(.data.g_hpllFre)
    g_regMaxOpNum                            0x20000830   Data           4  reg_op.o(.data.g_regMaxOpNum)
    g_sreFuncArr                             0x20000834   Data          28  do_cmd_struct.o(.data.g_sreFuncArr)
    g_tec_temp_adc                           0x20000850   Data         332  thermistor_rth.o(.data.g_tec_temp_adc)
    g_usart_receivesize                      0x2000099c   Data           1  gd32e501_it.o(.data.g_usart_receivesize)
    t0                                       0x2000099d   Data          40  ux3326.o(.data.t0)
    update_flag                              0x200009c5   Data           1  update_comm.o(.data.update_flag)
    adc_dma_sample_value                     0x200009c8   Data           6  adc_sample_comm.o(.bss.adc_dma_sample_value)
    ddm_adc_out_val                          0x200009ce   Data          26  sff_8472.o(.bss.ddm_adc_out_val)
    default_config_value                     0x200009e8   Data         120  sff_8472.o(.bss.default_config_value)
    g_acqCode                                0x20000a64   Data           2  dsp_hpll_init.o(.bss.g_acqCode)
    g_ai2c_master_info_cfg                   0x20000a68   Data         244  i2c_opt_ie.o(.bss.g_ai2c_master_info_cfg)
    g_bi2c_master_info_cfg                   0x20000b5c   Data         244  i2c_opt_ie.o(.bss.g_bi2c_master_info_cfg)
    g_crc_is_ok                              0x20000c50   Data           1  update_i2c_interface.o(.bss.g_crc_is_ok)
    g_dsp_info                               0x20000c51   Data          40  dsp_fsl_i2c_interface.o(.bss.g_dsp_info)
    g_dsp_pll                                0x20000c79   Data          20  dsp_fsl_i2c_interface.o(.bss.g_dsp_pll)
    g_i2c_global_vars                        0x20000c90   Data          12  i2c_opt_ie.o(.bss.g_i2c_global_vars)
    g_i2c_slave_info_cfg                     0x20000c9c   Data         288  i2c_opt_ie.o(.bss.g_i2c_slave_info_cfg)
    g_mcu_addr0xspec_reg_read_callback_array 0x20000dbc   Data         352  i2c_comm.o(.bss.g_mcu_addr0xspec_reg_read_callback_array)
    g_mcu_addr0xspec_reg_read_idx            0x20000f1c   Data           4  i2c_comm.o(.bss.g_mcu_addr0xspec_reg_read_idx)
    g_mcu_addr0xspec_reg_write_callback_array 0x20000f20   Data         352  i2c_comm.o(.bss.g_mcu_addr0xspec_reg_write_callback_array)
    g_mcu_addr0xspec_reg_write_idx           0x20001080   Data           4  i2c_comm.o(.bss.g_mcu_addr0xspec_reg_write_idx)
    g_mcu_vars_param                         0x20001084   Data          40  mcu_global_vars_param.o(.bss.g_mcu_vars_param)
    g_optical_limit_pwd                      0x200010ac   Data          16  i2c_opt_ie.o(.bss.g_optical_limit_pwd)
    g_page_idx                               0x200010bc   Data           4  update_comm.o(.bss.g_page_idx)
    g_pkt_count_to_flash                     0x200010c0   Data           4  update_comm.o(.bss.g_pkt_count_to_flash)
    g_pkt_rx                                 0x200010c4   Data           4  update_comm.o(.bss.g_pkt_rx)
    g_slave_read_cfg_callback_array          0x200010c8   Data         160  i2c_opt_ie.o(.bss.g_slave_read_cfg_callback_array)
    g_slave_read_cfg_idx                     0x20001168   Data           4  i2c_opt_ie.o(.bss.g_slave_read_cfg_idx)
    g_slave_write_cfg_callback_array         0x2000116c   Data         160  i2c_opt_ie.o(.bss.g_slave_write_cfg_callback_array)
    g_slave_write_cfg_idx                    0x2000120c   Data           4  i2c_opt_ie.o(.bss.g_slave_write_cfg_idx)
    g_tec_vars_param                         0x20001210   Data           8  tec_comm.o(.bss.g_tec_vars_param)
    g_update_mem_idx                         0x20001218   Data           4  update_comm.o(.bss.g_update_mem_idx)
    g_update_mem_ptr                         0x2000121c   Data           4  update_comm.o(.bss.g_update_mem_ptr)
    g_usart_receiver_buffer                  0x20001220   Data          32  gd32e501_it.o(.bss.g_usart_receiver_buffer)
    g_usart_rxcount                          0x20001240   Data           2  gd32e501_it.o(.bss.g_usart_rxcount)
    om_default_config                        0x20001244   Data         168  sff_8472.o(.bss.om_default_config)
    test_gpio_flg                            0x200012f0   Data           1  update_comm.o(.bss.test_gpio_flg)
    test_gpio_in_out_flg                     0x200012f1   Data           1  update_comm.o(.bss.test_gpio_in_out_flg)
    test_gpio_pin_flg                        0x200012f2   Data           1  update_comm.o(.bss.test_gpio_pin_flg)
    __heap_base                              0x200012f8   Data           0  startup_gd32e501.o(HEAP)
    __heap_limit                             0x200018f8   Data           0  startup_gd32e501.o(HEAP)
    __initial_sp                             0x20001cf8   Data           0  startup_gd32e501.o(STACK)



==============================================================================

Memory Map of the image

  Image Entry point : 0x08007955

  Load Region LR_IROM1 (Base: 0x08007800, Size: 0x00014ad0, Max: 0x00015000, ABSOLUTE, COMPRESSED[0x00014470])

    Execution Region ER_IROM1 (Exec base: 0x08007800, Load base: 0x08007800, Size: 0x00014108, Max: 0x00015000, ABSOLUTE)

    Exec Addr    Load Addr    Size         Type   Attr      Idx    E Section Name        Object

    0x08007800   0x08007800   0x00000154   Data   RO         1534    RESET               startup_gd32e501.o
    0x08007954   0x08007954   0x00000000   Code   RO         2233  * .ARM.Collect$$$$00000000  mc_w.l(entry.o)
    0x08007954   0x08007954   0x00000004   Code   RO         2301    .ARM.Collect$$$$00000001  mc_w.l(entry2.o)
    0x08007958   0x08007958   0x00000004   Code   RO         2304    .ARM.Collect$$$$00000004  mc_w.l(entry5.o)
    0x0800795c   0x0800795c   0x00000000   Code   RO         2306    .ARM.Collect$$$$00000008  mc_w.l(entry7b.o)
    0x0800795c   0x0800795c   0x00000000   Code   RO         2308    .ARM.Collect$$$$0000000A  mc_w.l(entry8b.o)
    0x0800795c   0x0800795c   0x00000008   Code   RO         2309    .ARM.Collect$$$$0000000B  mc_w.l(entry9a.o)
    0x08007964   0x08007964   0x00000000   Code   RO         2311    .ARM.Collect$$$$0000000D  mc_w.l(entry10a.o)
    0x08007964   0x08007964   0x00000000   Code   RO         2313    .ARM.Collect$$$$0000000F  mc_w.l(entry11a.o)
    0x08007964   0x08007964   0x00000004   Code   RO         2302    .ARM.Collect$$$$00002712  mc_w.l(entry2.o)
    0x08007968   0x08007968   0x00000024   Code   RO         1535    .text               startup_gd32e501.o
    0x0800798c   0x0800798c   0x00000024   Code   RO         2236    .text               mc_w.l(memcpya.o)
    0x080079b0   0x080079b0   0x00000024   Code   RO         2237    .text               mc_w.l(memseta.o)
    0x080079d4   0x080079d4   0x0000000e   Code   RO         2238    .text               mc_w.l(strlen.o)
    0x080079e2   0x080079e2   0x0000001a   Code   RO         2239    .text               mc_w.l(memcmp.o)
    0x080079fc   0x080079fc   0x0000014e   Code   RO         2269    .text               mf_w.l(dadd.o)
    0x08007b4a   0x08007b4a   0x000000e4   Code   RO         2270    .text               mf_w.l(dmul.o)
    0x08007c2e   0x08007c2e   0x000000de   Code   RO         2271    .text               mf_w.l(ddiv.o)
    0x08007d0c   0x08007d0c   0x00000036   Code   RO         2272    .text               mf_w.l(dcmple.o)
    0x08007d42   0x08007d42   0x00000036   Code   RO         2273    .text               mf_w.l(dcmpge.o)
    0x08007d78   0x08007d78   0x00000022   Code   RO         2274    .text               mf_w.l(dflti.o)
    0x08007d9a   0x08007d9a   0x0000001a   Code   RO         2275    .text               mf_w.l(dfltui.o)
    0x08007db4   0x08007db4   0x00000018   Code   RO         2276    .text               mf_w.l(dfltul.o)
    0x08007dcc   0x08007dcc   0x0000003e   Code   RO         2277    .text               mf_w.l(dfixi.o)
    0x08007e0a   0x08007e0a   0x00000032   Code   RO         2278    .text               mf_w.l(dfixui.o)
    0x08007e3c   0x08007e3c   0x00000026   Code   RO         2279    .text               mf_w.l(f2d.o)
    0x08007e62   0x08007e62   0x00000038   Code   RO         2280    .text               mf_w.l(d2f.o)
    0x08007e9a   0x08007e9a   0x0000002c   Code   RO         2321    .text               mc_w.l(uidiv.o)
    0x08007ec6   0x08007ec6   0x00000062   Code   RO         2322    .text               mc_w.l(uldiv.o)
    0x08007f28   0x08007f28   0x0000001e   Code   RO         2323    .text               mc_w.l(llshl.o)
    0x08007f46   0x08007f46   0x00000020   Code   RO         2324    .text               mc_w.l(llushr.o)
    0x08007f66   0x08007f66   0x00000024   Code   RO         2325    .text               mc_w.l(llsshr.o)
    0x08007f8a   0x08007f8a   0x00000000   Code   RO         2332    .text               mc_w.l(iusefp.o)
    0x08007f8a   0x08007f8a   0x0000006e   Code   RO         2333    .text               mf_w.l(fepilogue.o)
    0x08007ff8   0x08007ff8   0x000000ba   Code   RO         2334    .text               mf_w.l(depilogue.o)
    0x080080b2   0x080080b2   0x0000002e   Code   RO         2336    .text               mf_w.l(dscalb.o)
    0x080080e0   0x080080e0   0x00000030   Code   RO         2337    .text               mf_w.l(dfixul.o)
    0x08008110   0x08008110   0x00000030   Code   RO         2338    .text               mf_w.l(cdcmple.o)
    0x08008140   0x08008140   0x00000030   Code   RO         2339    .text               mf_w.l(cdrcmple.o)
    0x08008170   0x08008170   0x00000024   Code   RO         2340    .text               mc_w.l(init.o)
    0x08008194   0x08008194   0x000000a2   Code   RO         2341    .text               mf_w.l(dsqrt.o)
    0x08008236   0x08008236   0x00000056   Code   RO         2347    .text               mc_w.l(__dczerorl2.o)
    0x0800828c   0x0800828c   0x0000003e   Code   RO           36    .text.EXTI4_15_IRQHandler  gd32e501_it.o
    0x080082ca   0x080082ca   0x00000002   PAD
    0x080082cc   0x080082cc   0x00000004   Code   RO           16    .text.HardFault_Handler  gd32e501_it.o
    0x080082d0   0x080082d0   0x00000010   Code   RO           28    .text.I2C0_ER_IRQHandler  gd32e501_it.o
    0x080082e0   0x080082e0   0x00000010   Code   RO           26    .text.I2C0_EV_IRQHandler  gd32e501_it.o
    0x080082f0   0x080082f0   0x00000010   Code   RO           24    .text.I2C1_ER_IRQHandler  gd32e501_it.o
    0x08008300   0x08008300   0x00000010   Code   RO           22    .text.I2C1_EV_IRQHandler  gd32e501_it.o
    0x08008310   0x08008310   0x00000008   Code   RO           32    .text.I2C2_ER_IRQHandler  gd32e501_it.o
    0x08008318   0x08008318   0x00000010   Code   RO           30    .text.I2C2_EV_IRQHandler  gd32e501_it.o
    0x08008328   0x08008328   0x00000010   Code   RO         2166    .text.MCU_DelayUs   reg_op.o
    0x08008338   0x08008338   0x00000002   Code   RO           14    .text.NMI_Handler   gd32e501_it.o
    0x0800833a   0x0800833a   0x00000002   PAD
    0x0800833c   0x0800833c   0x00000002   Code   RO           20    .text.PendSV_Handler  gd32e501_it.o
    0x0800833e   0x0800833e   0x00000002   PAD
    0x08008340   0x08008340   0x0000000c   Code   RO         2180    .text.PllFreqCodeGet  dsp_hpll_init.o
    0x0800834c   0x0800834c   0x00000036   Code   RO         2198    .text.SREI_AnaCdrIsLock  dsp_hpll_init.o
    0x08008382   0x08008382   0x00000002   PAD
    0x08008384   0x08008384   0x0000006a   Code   RO         2176    .text.SREI_AnaRxAcqEn  dsp_hpll_init.o
    0x080083ee   0x080083ee   0x00000002   PAD
    0x080083f0   0x080083f0   0x00000042   Code   RO         2194    .text.SREI_AnaRxCdrAcqEn  dsp_hpll_init.o
    0x08008432   0x08008432   0x00000002   PAD
    0x08008434   0x08008434   0x0000003e   Code   RO         2178    .text.SREI_AnaRxCdrEn  dsp_hpll_init.o
    0x08008472   0x08008472   0x00000002   PAD
    0x08008474   0x08008474   0x00000036   Code   RO         2196    .text.SREI_AnaRxDtlLowGainEn  dsp_hpll_init.o
    0x080084aa   0x080084aa   0x00000002   PAD
    0x080084ac   0x080084ac   0x0000004c   Code   RO         2192    .text.SREI_AnaRxDtlManualEn  dsp_hpll_init.o
    0x080084f8   0x080084f8   0x000000ba   Code   RO         2182    .text.SREI_HostPllAcqSet  dsp_hpll_init.o
    0x080085b2   0x080085b2   0x00000002   PAD
    0x080085b4   0x080085b4   0x00000058   Code   RO         2184    .text.SREI_HostPllOpenLoop  dsp_hpll_init.o
    0x0800860c   0x0800860c   0x0000004a   Code   RO         2186    .text.SREI_HostPllSllpLoopFromRx  dsp_hpll_init.o
    0x08008656   0x08008656   0x00000002   PAD
    0x08008658   0x08008658   0x0000001e   Code   RO         2200    .text.SREI_PllAcqCodeGet  dsp_hpll_init.o
    0x08008676   0x08008676   0x00000002   PAD
    0x08008678   0x08008678   0x00000128   Code   RO         2188    .text.SREI_PllClkSel  dsp_hpll_init.o
    0x080087a0   0x080087a0   0x0000003a   Code   RO         2190    .text.SREI_PllFbdivEnReflessMode  dsp_hpll_init.o
    0x080087da   0x080087da   0x00000002   PAD
    0x080087dc   0x080087dc   0x0000002e   Code   RO         2206    .text.SREI_PllFracDsmDivConfig  dsp_hpll_init.o
    0x0800880a   0x0800880a   0x00000002   PAD
    0x0800880c   0x0800880c   0x0000003e   Code   RO         2208    .text.SREI_PllFracModeCfg  dsp_hpll_init.o
    0x0800884a   0x0800884a   0x00000002   PAD
    0x0800884c   0x0800884c   0x000000d0   Code   RO         2170    .text.SREI_PllFreCodeSet  dsp_hpll_init.o
    0x0800891c   0x0800891c   0x00000034   Code   RO         2202    .text.SREI_PllIsLock  dsp_hpll_init.o
    0x08008950   0x08008950   0x00000190   Code   RO         2158    .text.SRE_CmdSend   ip_op.o
    0x08008ae0   0x08008ae0   0x000000a0   Code   RO         2154    .text.SRE_DownloadFirmware  ip_op.o
    0x08008b80   0x08008b80   0x00000612   Code   RO         2162    .text.SRE_DspSetUp  ip_op.o
    0x08009192   0x08009192   0x00000006   PAD
    0x08009198   0x08009198   0x00000530   Code   RO         2210    .text.SRE_HpllInit  dsp_hpll_init.o
    0x080096c8   0x080096c8   0x000000e8   Code   RO         2212    .text.SRE_HpllSetup  dsp_hpll_init.o
    0x080097b0   0x080097b0   0x00000080   Code   RO         2152    .text.SRE_WriteBuff2Sram  ip_op.o
    0x08009830   0x08009830   0x00000002   Code   RO           18    .text.SVC_Handler   gd32e501_it.o
    0x08009832   0x08009832   0x00000002   PAD
    0x08009834   0x08009834   0x00000052   Code   RO            4    .text.SysTick_Config  systick.o
    0x08009886   0x08009886   0x00000002   PAD
    0x08009888   0x08009888   0x00000028   Code   RO           34    .text.SysTick_Handler  gd32e501_it.o
    0x080098b0   0x080098b0   0x0000013c   Code   RO          255    .text.SystemInit    system_gd32e501.o
    0x080099ec   0x080099ec   0x000000ca   Code   RO           38    .text.USART0_IRQHandler  gd32e501_it.o
    0x08009ab6   0x08009ab6   0x00000002   PAD
    0x08009ab8   0x08009ab8   0x00000042   Code   RO            6    .text.__NVIC_SetPriority  systick.o
    0x08009afa   0x08009afa   0x00000002   PAD
    0x08009afc   0x08009afc   0x000000ce   Code   RO           71    .text.adc_calc_temp_value  mcu_system_comm.o
    0x08009bca   0x08009bca   0x00000002   PAD
    0x08009bcc   0x08009bcc   0x0000004e   Code   RO          272    .text.adc_calibration_enable  gd32e501_adc.o
    0x08009c1a   0x08009c1a   0x00000002   PAD
    0x08009c1c   0x08009c1c   0x00000074   Code   RO          292    .text.adc_channel_length_config  gd32e501_adc.o
    0x08009c90   0x08009c90   0x00000032   Code   RO          290    .text.adc_data_alignment_config  gd32e501_adc.o
    0x08009cc2   0x08009cc2   0x00000002   PAD
    0x08009cc4   0x08009cc4   0x00000052   Code   RO           96    .text.adc_dma_channel_sample_average  adc_sample_interface.o
    0x08009d16   0x08009d16   0x00000002   PAD
    0x08009d18   0x08009d18   0x00000088   Code   RO          103    .text.adc_dma_config_init  adc_sample_comm.o
    0x08009da0   0x08009da0   0x00000012   Code   RO          274    .text.adc_dma_mode_enable  gd32e501_adc.o
    0x08009db2   0x08009db2   0x00000002   PAD
    0x08009db4   0x08009db4   0x00000024   Code   RO          268    .text.adc_enable    gd32e501_adc.o
    0x08009dd8   0x08009dd8   0x0000008e   Code   RO          302    .text.adc_external_trigger_config  gd32e501_adc.o
    0x08009e66   0x08009e66   0x00000002   PAD
    0x08009e68   0x08009e68   0x00000064   Code   RO          304    .text.adc_external_trigger_source_config  gd32e501_adc.o
    0x08009ecc   0x08009ecc   0x00000018   Code   RO          330    .text.adc_flag_clear  gd32e501_adc.o
    0x08009ee4   0x08009ee4   0x0000002c   Code   RO          328    .text.adc_flag_get  gd32e501_adc.o
    0x08009f10   0x08009f10   0x000000fa   Code   RO          296    .text.adc_inserted_channel_config  gd32e501_adc.o
    0x0800a00a   0x0800a00a   0x00000002   PAD
    0x0800a00c   0x0800a00c   0x00000090   Code   RO           94    .text.adc_inserted_channel_sample_average  adc_sample_interface.o
    0x0800a09c   0x0800a09c   0x00000062   Code   RO          310    .text.adc_inserted_data_read  gd32e501_adc.o
    0x0800a0fe   0x0800a0fe   0x00000002   PAD
    0x0800a100   0x0800a100   0x00000186   Code   RO          294    .text.adc_regular_channel_config  gd32e501_adc.o
    0x0800a286   0x0800a286   0x00000002   PAD
    0x0800a288   0x0800a288   0x00000062   Code   RO           99    .text.adc_sample_dma_regular_data_channel  adc_sample_comm.o
    0x0800a2ea   0x0800a2ea   0x00000002   PAD
    0x0800a2ec   0x0800a2ec   0x000000b8   Code   RO          105    .text.adc_sample_function_init  adc_sample_comm.o
    0x0800a3a4   0x0800a3a4   0x0000006a   Code   RO           89    .text.adc_sample_gpio_init  adc_sample_driver.o
    0x0800a40e   0x0800a40e   0x00000002   PAD
    0x0800a410   0x0800a410   0x00000010   Code   RO           92    .text.adc_sample_init  adc_sample_interface.o
    0x0800a420   0x0800a420   0x00000044   Code   RO          306    .text.adc_software_trigger_enable  gd32e501_adc.o
    0x0800a464   0x0800a464   0x000000c8   Code   RO          288    .text.adc_special_function_config  gd32e501_adc.o
    0x0800a52c   0x0800a52c   0x000000a2   Code   RO         1866    .text.apc_auto_enable_reg_write  ddm_i2c_interface.o
    0x0800a5ce   0x0800a5ce   0x00000002   PAD
    0x0800a5d0   0x0800a5d0   0x00000108   Code   RO         1864    .text.apc_target_voltage_reg_write  ddm_i2c_interface.o
    0x0800a6d8   0x0800a6d8   0x00000154   Code   RO         1868    .text.apd_i2c_vcc_reg_write  ddm_i2c_interface.o
    0x0800a82c   0x0800a82c   0x000000a8   Code   RO         2130    .text.calc_temp_value  thermistor_rth.o
    0x0800a8d4   0x0800a8d4   0x00000004   PAD
    0x0800a8d8   0x0800a8d8   0x000001b4   Code   RO         1932    .text.calculate_om_rx_power  sff_8472.o
    0x0800aa8c   0x0800aa8c   0x00000004   PAD
    0x0800aa90   0x0800aa90   0x00000200   Code   RO         1928    .text.calculate_om_tx_power  sff_8472.o
    0x0800ac90   0x0800ac90   0x00000270   Code   RO         1966    .text.calibration_rx_pwr_10g_reg_write  sff_8472.o
    0x0800af00   0x0800af00   0x00000278   Code   RO         1968    .text.calibration_rx_pwr_1g_reg_write  sff_8472.o
    0x0800b178   0x0800b178   0x00000270   Code   RO         1964    .text.calibration_rx_pwr_50g_reg_write  sff_8472.o
    0x0800b3e8   0x0800b3e8   0x000001b8   Code   RO         1954    .text.calibration_tx_i_10g_reg_write  sff_8472.o
    0x0800b5a0   0x0800b5a0   0x000001c0   Code   RO         1956    .text.calibration_tx_i_1g_reg_write  sff_8472.o
    0x0800b760   0x0800b760   0x000001b8   Code   RO         1952    .text.calibration_tx_i_50g_reg_write  sff_8472.o
    0x0800b918   0x0800b918   0x000001b8   Code   RO         1960    .text.calibration_tx_pwr_10g_reg_write  sff_8472.o
    0x0800bad0   0x0800bad0   0x000001c0   Code   RO         1962    .text.calibration_tx_pwr_1g_reg_write  sff_8472.o
    0x0800bc90   0x0800bc90   0x000001b8   Code   RO         1958    .text.calibration_tx_pwr_50g_reg_write  sff_8472.o
    0x0800be48   0x0800be48   0x0000008a   Code   RO         1915    .text.cfg_v2_flash_read_reg_byte  ddm_sff_i2c_interface.o
    0x0800bed2   0x0800bed2   0x00000002   PAD
    0x0800bed4   0x0800bed4   0x000000ca   Code   RO         1892    .text.cmd_command_map_reg_write  ddm_i2c_interface.o
    0x0800bf9e   0x0800bf9e   0x00000002   PAD
    0x0800bfa0   0x0800bfa0   0x0000002a   Code   RO         1917    .text.cmd_common_reg_read  ddm_sff_i2c_interface.o
    0x0800bfca   0x0800bfca   0x00000002   PAD
    0x0800bfcc   0x0800bfcc   0x0000005e   Code   RO           45    .text.com_usart_gpio_config  com_usart_comm.o
    0x0800c02a   0x0800c02a   0x00000002   PAD
    0x0800c02c   0x0800c02c   0x0000005c   Code   RO           47    .text.com_usart_init  com_usart_comm.o
    0x0800c088   0x0800c088   0x00000056   Code   RO         1822    .text.comm_update_flash_finish_one_page  update_comm.o
    0x0800c0de   0x0800c0de   0x00000002   PAD
    0x0800c0e0   0x0800c0e0   0x00000116   Code   RO         1826    .text.comm_update_write_mem_one_page_to_flash  update_comm.o
    0x0800c1f6   0x0800c1f6   0x00000002   PAD
    0x0800c1f8   0x0800c1f8   0x0000011e   Code   RO         1824    .text.comm_update_write_to_flash  update_comm.o
    0x0800c316   0x0800c316   0x00000002   PAD
    0x0800c318   0x0800c318   0x00000048   Code   RO         1972    .text.convert_2byte_to_int  sff_8472.o
    0x0800c360   0x0800c360   0x00000130   Code   RO         1882    .text.cpa_i2c_reg_write  ddm_i2c_interface.o
    0x0800c490   0x0800c490   0x00000044   Code   RO          406    .text.crc_deinit    gd32e501_crc.o
    0x0800c4d4   0x0800c4d4   0x00000020   Code   RO          422    .text.crc_input_data_reverse_config  gd32e501_crc.o
    0x0800c4f4   0x0800c4f4   0x00000020   Code   RO          424    .text.crc_polynomial_size_set  gd32e501_crc.o
    0x0800c514   0x0800c514   0x0000001a   Code   RO          408    .text.crc_reverse_output_data_enable  gd32e501_crc.o
    0x0800c52e   0x0800c52e   0x00000002   PAD
    0x0800c530   0x0800c530   0x0000000c   Code   RO          116    .text.dac_config_init  dac_comm.o
    0x0800c53c   0x0800c53c   0x0000008e   Code   RO          449    .text.dac_data_set  gd32e501_dac.o
    0x0800c5ca   0x0800c5ca   0x00000002   PAD
    0x0800c5cc   0x0800c5cc   0x00000096   Code   RO          433    .text.dac_deinit    gd32e501_dac.o
    0x0800c662   0x0800c662   0x00000002   PAD
    0x0800c664   0x0800c664   0x0000002c   Code   RO          435    .text.dac_enable    gd32e501_dac.o
    0x0800c690   0x0800c690   0x00000064   Code   RO          111    .text.dac_gpion_init  dac_driver.o
    0x0800c6f4   0x0800c6f4   0x0000002c   Code   RO          445    .text.dac_output_buffer_disable  gd32e501_dac.o
    0x0800c720   0x0800c720   0x0000002c   Code   RO          443    .text.dac_output_buffer_enable  gd32e501_dac.o
    0x0800c74c   0x0800c74c   0x00000104   Code   RO          113    .text.dac_periph_config  dac_driver.o
    0x0800c850   0x0800c850   0x0000002c   Code   RO          461    .text.dac_software_trigger_enable  gd32e501_dac.o
    0x0800c87c   0x0800c87c   0x0000002c   Code   RO          457    .text.dac_trigger_disable  gd32e501_dac.o
    0x0800c8a8   0x0800c8a8   0x0000004c   Code   RO          459    .text.dac_trigger_source_config  gd32e501_dac.o
    0x0800c8f4   0x0800c8f4   0x000000e4   Code   RO         1700    .text.data_path_config_init  dsp_fsl_i2c_interface.o
    0x0800c9d8   0x0800c9d8   0x00000014   Code   RO         2066    .text.ddm_10g_apc_auto_enable  ddm_10g_config_interface.o
    0x0800c9ec   0x0800c9ec   0x00000014   Code   RO         2064    .text.ddm_10g_apc_target_voltage  ddm_10g_config_interface.o
    0x0800ca00   0x0800ca00   0x0000000c   Code   RO         2078    .text.ddm_10g_dev_init  ddm_10g_config_interface.o
    0x0800ca0c   0x0800ca0c   0x00000010   Code   RO         2040    .text.ddm_10g_get_ld_ibias  ddm_10g_config_interface.o
    0x0800ca1c   0x0800ca1c   0x00000010   Code   RO         2072    .text.ddm_10g_get_mpd_ibias  ddm_10g_config_interface.o
    0x0800ca2c   0x0800ca2c   0x00000020   Code   RO         2076    .text.ddm_10g_get_rssi_value  ddm_10g_config_interface.o
    0x0800ca4c   0x0800ca4c   0x00000010   Code   RO         2070    .text.ddm_10g_get_voltage  ddm_10g_config_interface.o
    0x0800ca5c   0x0800ca5c   0x0000002a   Code   RO         2080    .text.ddm_10g_rssi_start_sample_adc_action  ddm_10g_config_interface.o
    0x0800ca86   0x0800ca86   0x00000002   PAD
    0x0800ca88   0x0800ca88   0x00000014   Code   RO         2044    .text.ddm_10g_set_ea  ddm_10g_config_interface.o
    0x0800ca9c   0x0800ca9c   0x00000014   Code   RO         2038    .text.ddm_10g_set_ld_ibias  ddm_10g_config_interface.o
    0x0800cab0   0x0800cab0   0x00000014   Code   RO         2048    .text.ddm_10g_set_ld_imod  ddm_10g_config_interface.o
    0x0800cac4   0x0800cac4   0x00000018   Code   RO         2074    .text.ddm_10g_set_rssi_value  ddm_10g_config_interface.o
    0x0800cadc   0x0800cadc   0x00000014   Code   RO         2056    .text.ddm_10g_set_rx_drv_deemph  ddm_10g_config_interface.o
    0x0800caf0   0x0800caf0   0x00000014   Code   RO         2054    .text.ddm_10g_set_rx_eq_boost  ddm_10g_config_interface.o
    0x0800cb04   0x0800cb04   0x00000014   Code   RO         2060    .text.ddm_10g_set_rx_los_hyst  ddm_10g_config_interface.o
    0x0800cb18   0x0800cb18   0x00000014   Code   RO         2058    .text.ddm_10g_set_rx_los_threshold  ddm_10g_config_interface.o
    0x0800cb2c   0x0800cb2c   0x00000014   Code   RO         2052    .text.ddm_10g_set_rx_swing  ddm_10g_config_interface.o
    0x0800cb40   0x0800cb40   0x00000016   Code   RO         2062    .text.ddm_10g_set_rx_vapd  ddm_10g_config_interface.o
    0x0800cb56   0x0800cb56   0x00000002   PAD
    0x0800cb58   0x0800cb58   0x00000014   Code   RO         2046    .text.ddm_10g_set_tx_ld_cpa  ddm_10g_config_interface.o
    0x0800cb6c   0x0800cb6c   0x00000014   Code   RO         2050    .text.ddm_10g_set_tx_ld_deempth  ddm_10g_config_interface.o
    0x0800cb80   0x0800cb80   0x00000026   Code   RO         2068    .text.ddm_10g_soft_txdsbl_ctrl  ddm_10g_config_interface.o
    0x0800cba6   0x0800cba6   0x00000002   PAD
    0x0800cba8   0x0800cba8   0x00000014   Code   RO         2021    .text.ddm_1g_apc_auto_enable  ddm_1g_config_interface.o
    0x0800cbbc   0x0800cbbc   0x00000014   Code   RO         2019    .text.ddm_1g_apc_target_voltage  ddm_1g_config_interface.o
    0x0800cbd0   0x0800cbd0   0x00000008   Code   RO         2035    .text.ddm_1g_dev_init  ddm_1g_config_interface.o
    0x0800cbd8   0x0800cbd8   0x00000010   Code   RO         1995    .text.ddm_1g_get_ld_ibias  ddm_1g_config_interface.o
    0x0800cbe8   0x0800cbe8   0x0000001a   Code   RO         2027    .text.ddm_1g_get_mpd_ibias  ddm_1g_config_interface.o
    0x0800cc02   0x0800cc02   0x00000002   PAD
    0x0800cc04   0x0800cc04   0x00000020   Code   RO         2031    .text.ddm_1g_get_rssi_value  ddm_1g_config_interface.o
    0x0800cc24   0x0800cc24   0x0000001a   Code   RO         2025    .text.ddm_1g_get_voltage  ddm_1g_config_interface.o
    0x0800cc3e   0x0800cc3e   0x00000002   PAD
    0x0800cc40   0x0800cc40   0x00000028   Code   RO         2033    .text.ddm_1g_rssi_start_sample_adc_action  ddm_1g_config_interface.o
    0x0800cc68   0x0800cc68   0x00000014   Code   RO         1993    .text.ddm_1g_set_ld_ibias  ddm_1g_config_interface.o
    0x0800cc7c   0x0800cc7c   0x00000014   Code   RO         2003    .text.ddm_1g_set_ld_imod  ddm_1g_config_interface.o
    0x0800cc90   0x0800cc90   0x00000018   Code   RO         2029    .text.ddm_1g_set_rssi_value  ddm_1g_config_interface.o
    0x0800cca8   0x0800cca8   0x00000014   Code   RO         2015    .text.ddm_1g_set_rx_los_hyst  ddm_1g_config_interface.o
    0x0800ccbc   0x0800ccbc   0x00000014   Code   RO         2013    .text.ddm_1g_set_rx_los_threshold  ddm_1g_config_interface.o
    0x0800ccd0   0x0800ccd0   0x00000014   Code   RO         2007    .text.ddm_1g_set_rx_swing  ddm_1g_config_interface.o
    0x0800cce4   0x0800cce4   0x00000016   Code   RO         2017    .text.ddm_1g_set_rx_vapd  ddm_1g_config_interface.o
    0x0800ccfa   0x0800ccfa   0x00000002   PAD
    0x0800ccfc   0x0800ccfc   0x00000014   Code   RO         2001    .text.ddm_1g_set_tx_ld_cpa  ddm_1g_config_interface.o
    0x0800cd10   0x0800cd10   0x00000026   Code   RO         2023    .text.ddm_1g_soft_txdsbl_ctrl  ddm_1g_config_interface.o
    0x0800cd36   0x0800cd36   0x00000002   PAD
    0x0800cd38   0x0800cd38   0x0000000a   Code   RO         2111    .text.ddm_50g_apc_auto_enable  ddm_50g_config_interface.o
    0x0800cd42   0x0800cd42   0x00000002   PAD
    0x0800cd44   0x0800cd44   0x0000000a   Code   RO         2109    .text.ddm_50g_apc_target_voltage  ddm_50g_config_interface.o
    0x0800cd4e   0x0800cd4e   0x00000002   PAD
    0x0800cd50   0x0800cd50   0x0000000c   Code   RO         2125    .text.ddm_50g_dev_init  ddm_50g_config_interface.o
    0x0800cd5c   0x0800cd5c   0x00000008   Code   RO         2085    .text.ddm_50g_get_ld_ibias  ddm_50g_config_interface.o
    0x0800cd64   0x0800cd64   0x00000010   Code   RO         2127    .text.ddm_50g_get_monitor_adc  ddm_50g_config_interface.o
    0x0800cd74   0x0800cd74   0x00000008   Code   RO         2117    .text.ddm_50g_get_mpd_ibias  ddm_50g_config_interface.o
    0x0800cd7c   0x0800cd7c   0x00000020   Code   RO         2121    .text.ddm_50g_get_rssi_value  ddm_50g_config_interface.o
    0x0800cd9c   0x0800cd9c   0x00000008   Code   RO         2115    .text.ddm_50g_get_voltage  ddm_50g_config_interface.o
    0x0800cda4   0x0800cda4   0x00000028   Code   RO         2123    .text.ddm_50g_rssi_start_sample_adc_action  ddm_50g_config_interface.o
    0x0800cdcc   0x0800cdcc   0x00000014   Code   RO         2089    .text.ddm_50g_set_ea  ddm_50g_config_interface.o
    0x0800cde0   0x0800cde0   0x0000000a   Code   RO         2083    .text.ddm_50g_set_ld_ibias  ddm_50g_config_interface.o
    0x0800cdea   0x0800cdea   0x00000002   PAD
    0x0800cdec   0x0800cdec   0x0000000a   Code   RO         2093    .text.ddm_50g_set_ld_imod  ddm_50g_config_interface.o
    0x0800cdf6   0x0800cdf6   0x00000002   PAD
    0x0800cdf8   0x0800cdf8   0x00000018   Code   RO         2119    .text.ddm_50g_set_rssi_value  ddm_50g_config_interface.o
    0x0800ce10   0x0800ce10   0x0000000a   Code   RO         2101    .text.ddm_50g_set_rx_drv_deemph  ddm_50g_config_interface.o
    0x0800ce1a   0x0800ce1a   0x00000002   PAD
    0x0800ce1c   0x0800ce1c   0x0000000a   Code   RO         2099    .text.ddm_50g_set_rx_eq_boost  ddm_50g_config_interface.o
    0x0800ce26   0x0800ce26   0x00000002   PAD
    0x0800ce28   0x0800ce28   0x0000000a   Code   RO         2105    .text.ddm_50g_set_rx_los_hyst  ddm_50g_config_interface.o
    0x0800ce32   0x0800ce32   0x00000002   PAD
    0x0800ce34   0x0800ce34   0x0000000a   Code   RO         2103    .text.ddm_50g_set_rx_los_threshold  ddm_50g_config_interface.o
    0x0800ce3e   0x0800ce3e   0x00000002   PAD
    0x0800ce40   0x0800ce40   0x0000000a   Code   RO         2097    .text.ddm_50g_set_rx_swing  ddm_50g_config_interface.o
    0x0800ce4a   0x0800ce4a   0x00000002   PAD
    0x0800ce4c   0x0800ce4c   0x00000016   Code   RO         2107    .text.ddm_50g_set_rx_vapd  ddm_50g_config_interface.o
    0x0800ce62   0x0800ce62   0x00000002   PAD
    0x0800ce64   0x0800ce64   0x0000000a   Code   RO         2087    .text.ddm_50g_set_soa_ild  ddm_50g_config_interface.o
    0x0800ce6e   0x0800ce6e   0x00000002   PAD
    0x0800ce70   0x0800ce70   0x0000000a   Code   RO         2091    .text.ddm_50g_set_tx_ld_cpa  ddm_50g_config_interface.o
    0x0800ce7a   0x0800ce7a   0x00000002   PAD
    0x0800ce7c   0x0800ce7c   0x0000000a   Code   RO         2095    .text.ddm_50g_set_tx_ld_deempth  ddm_50g_config_interface.o
    0x0800ce86   0x0800ce86   0x00000002   PAD
    0x0800ce88   0x0800ce88   0x0000000a   Code   RO         2113    .text.ddm_50g_soft_txdsbl_ctrl  ddm_50g_config_interface.o
    0x0800ce92   0x0800ce92   0x00000006   PAD
    0x0800ce98   0x0800ce98   0x00000070   Code   RO         1898    .text.ddm_i2c_50g_monitor_reg_read  ddm_i2c_interface.o
    0x0800cf08   0x0800cf08   0x00000088   Code   RO         1894    .text.ddm_i2c_switch_auto_process_reg_write  ddm_i2c_interface.o
    0x0800cf90   0x0800cf90   0x0000005e   Code   RO         1948    .text.ddm_process   sff_8472.o
    0x0800cfee   0x0800cfee   0x00000002   PAD
    0x0800cff0   0x0800cff0   0x00000110   Code   RO         1942    .text.default_config_apc_auto_enable  sff_8472.o
    0x0800d100   0x0800d100   0x00000020   Code   RO           10    .text.delay_decrement  systick.o
    0x0800d120   0x0800d120   0x00000024   Code   RO          521    .text.dma_channel_disable  gd32e501_dma.o
    0x0800d144   0x0800d144   0x00000024   Code   RO          531    .text.dma_channel_enable  gd32e501_dma.o
    0x0800d168   0x0800d168   0x00000024   Code   RO          523    .text.dma_circulation_enable  gd32e501_dma.o
    0x0800d18c   0x0800d18c   0x00000080   Code   RO          515    .text.dma_deinit    gd32e501_dma.o
    0x0800d20c   0x0800d20c   0x00000158   Code   RO          519    .text.dma_init      gd32e501_dma.o
    0x0800d364   0x0800d364   0x0000004c   Code   RO         1685    .text.dsp_fsl_continue_write  dsp_fsl.o
    0x0800d3b0   0x0800d3b0   0x00000040   Code   RO         1702    .text.dsp_fsl_i2c_data_path_reg_write  dsp_fsl_i2c_interface.o
    0x0800d3f0   0x0800d3f0   0x0000005e   Code   RO         1698    .text.dsp_fsl_i2c_info_reg_read  dsp_fsl_i2c_interface.o
    0x0800d44e   0x0800d44e   0x00000002   PAD
    0x0800d450   0x0800d450   0x00000064   Code   RO         1704    .text.dsp_fsl_i2c_rst_pin_reg_write  dsp_fsl_i2c_interface.o
    0x0800d4b4   0x0800d4b4   0x00000038   Code   RO         1696    .text.dsp_fsl_i2c_start_download_reg_write  dsp_fsl_i2c_interface.o
    0x0800d4ec   0x0800d4ec   0x0000002a   Code   RO         1679    .text.dsp_fsl_ic_download  dsp_fsl.o
    0x0800d516   0x0800d516   0x00000002   PAD
    0x0800d518   0x0800d518   0x00000024   Code   RO         1677    .text.dsp_fsl_init  dsp_fsl.o
    0x0800d53c   0x0800d53c   0x0000002e   Code   RO         1683    .text.dsp_fsl_reg_read  dsp_fsl.o
    0x0800d56a   0x0800d56a   0x00000002   PAD
    0x0800d56c   0x0800d56c   0x0000002a   Code   RO         1681    .text.dsp_fsl_reg_write  dsp_fsl.o
    0x0800d596   0x0800d596   0x00000002   PAD
    0x0800d598   0x0800d598   0x00000030   Code   RO         1671    .text.dsp_fsl_reset  dsp_fsl.o
    0x0800d5c8   0x0800d5c8   0x000000f2   Code   RO         1673    .text.dsp_gpio_init  dsp_fsl.o
    0x0800d6ba   0x0800d6ba   0x00000002   PAD
    0x0800d6bc   0x0800d6bc   0x0000010a   Code   RO          572    .text.exti_init     gd32e501_exti.o
    0x0800d7c6   0x0800d7c6   0x00000002   PAD
    0x0800d7c8   0x0800d7c8   0x00000014   Code   RO          592    .text.exti_interrupt_flag_clear  gd32e501_exti.o
    0x0800d7dc   0x0800d7dc   0x00000048   Code   RO          590    .text.exti_interrupt_flag_get  gd32e501_exti.o
    0x0800d824   0x0800d824   0x00000048   Code   RO           55    .text.fh_delay_ms   mcu_system_comm.o
    0x0800d86c   0x0800d86c   0x0000003e   Code   RO           57    .text.fh_delay_us   mcu_system_comm.o
    0x0800d8aa   0x0800d8aa   0x00000002   PAD
    0x0800d8ac   0x0800d8ac   0x00000186   Code   RO         2132    .text.find_adc_temp  thermistor_rth.o
    0x0800da32   0x0800da32   0x00000002   PAD
    0x0800da34   0x0800da34   0x0000042a   Code   RO         1950    .text.flash_config_init  sff_8472.o
    0x0800de5e   0x0800de5e   0x00000002   PAD
    0x0800de60   0x0800de60   0x0000004e   Code   RO           75    .text.flash_read    mcu_system_comm.o
    0x0800deae   0x0800deae   0x00000002   PAD
    0x0800deb0   0x0800deb0   0x000000d2   Code   RO           77    .text.flash_write   mcu_system_comm.o
    0x0800df82   0x0800df82   0x00000002   PAD
    0x0800df84   0x0800df84   0x00000018   Code   RO          667    .text.fmc_bank0_flag_clear  gd32e501_fmc.o
    0x0800df9c   0x0800df9c   0x0000005c   Code   RO          623    .text.fmc_bank0_ready_wait  gd32e501_fmc.o
    0x0800dff8   0x0800dff8   0x00000060   Code   RO          687    .text.fmc_bank0_state_get  gd32e501_fmc.o
    0x0800e058   0x0800e058   0x0000005c   Code   RO          625    .text.fmc_bank1_ready_wait  gd32e501_fmc.o
    0x0800e0b4   0x0800e0b4   0x00000060   Code   RO          689    .text.fmc_bank1_state_get  gd32e501_fmc.o
    0x0800e114   0x0800e114   0x000001f6   Code   RO          633    .text.fmc_doubleword_program  gd32e501_fmc.o
    0x0800e30a   0x0800e30a   0x00000002   PAD
    0x0800e30c   0x0800e30c   0x00000026   Code   RO           79    .text.fmc_erase_single_page  mcu_system_comm.o
    0x0800e332   0x0800e332   0x00000002   PAD
    0x0800e334   0x0800e334   0x00000022   Code   RO          601    .text.fmc_lock      gd32e501_fmc.o
    0x0800e356   0x0800e356   0x00000002   PAD
    0x0800e358   0x0800e358   0x000001d6   Code   RO          621    .text.fmc_page_erase  gd32e501_fmc.o
    0x0800e52e   0x0800e52e   0x00000002   PAD
    0x0800e530   0x0800e530   0x00000062   Code   RO          595    .text.fmc_unlock    gd32e501_fmc.o
    0x0800e592   0x0800e592   0x00000002   PAD
    0x0800e594   0x0800e594   0x00000036   Code   RO         1803    .text.fputc         main.o
    0x0800e5ca   0x0800e5ca   0x00000002   PAD
    0x0800e5cc   0x0800e5cc   0x00000086   Code   RO          107    .text.get_adc_inserted_channel_sample  adc_sample_comm.o
    0x0800e652   0x0800e652   0x00000002   PAD
    0x0800e654   0x0800e654   0x00000090   Code   RO         2136    .text.get_case_therm_temperature  thermistor_rth.o
    0x0800e6e4   0x0800e6e4   0x00000062   Code   RO          215    .text.get_master_i2c_by_dev_address  i2c_opt_ie.o
    0x0800e746   0x0800e746   0x00000002   PAD
    0x0800e748   0x0800e748   0x0000007c   Code   RO         2134    .text.get_tec_therm_temperature  thermistor_rth.o
    0x0800e7c4   0x0800e7c4   0x00000052   Code   RO           65    .text.get_u16       mcu_system_comm.o
    0x0800e816   0x0800e816   0x00000002   PAD
    0x0800e818   0x0800e818   0x0000006e   Code   RO           69    .text.get_u32       mcu_system_comm.o
    0x0800e886   0x0800e886   0x00000002   PAD
    0x0800e888   0x0800e888   0x00000022   Code   RO           85    .text.global_vars_param_init  mcu_global_vars_param.o
    0x0800e8aa   0x0800e8aa   0x00000002   PAD
    0x0800e8ac   0x0800e8ac   0x0000007c   Code   RO         1584    .text.gn7153_adc    gn7153.o
    0x0800e928   0x0800e928   0x000001ba   Code   RO         1622    .text.gn7153_apc_auto_enable_ctrl  gn7153.o
    0x0800eae2   0x0800eae2   0x00000002   PAD
    0x0800eae4   0x0800eae4   0x00000038   Code   RO         1578    .text.gn7153_apc_ctrl  gn7153.o
    0x0800eb1c   0x0800eb1c   0x00000004   PAD
    0x0800eb20   0x0800eb20   0x000000a8   Code   RO         1624    .text.gn7153_apc_target_voltage  gn7153.o
    0x0800ebc8   0x0800ebc8   0x000000ba   Code   RO         1596    .text.gn7153_get_ld_ibias  gn7153.o
    0x0800ec82   0x0800ec82   0x00000006   PAD
    0x0800ec88   0x0800ec88   0x000000e0   Code   RO         1602    .text.gn7153_get_mpd_ibias  gn7153.o
    0x0800ed68   0x0800ed68   0x000000f8   Code   RO         1592    .text.gn7153_get_voltage  gn7153.o
    0x0800ee60   0x0800ee60   0x0000006c   Code   RO         1570    .text.gn7153_gpio_init  gn7153.o
    0x0800eecc   0x0800eecc   0x00000020   Code   RO         1566    .text.gn7153_init   gn7153.o
    0x0800eeec   0x0800eeec   0x0000005a   Code   RO         1594    .text.gn7153_ld_ibias_monitor_ctrl  gn7153.o
    0x0800ef46   0x0800ef46   0x00000002   PAD
    0x0800ef48   0x0800ef48   0x00000038   Code   RO         1600    .text.gn7153_mpd_ibias_monitor_ctrl  gn7153.o
    0x0800ef80   0x0800ef80   0x0000011c   Code   RO         1574    .text.gn7153_normal_setting  gn7153.o
    0x0800f09c   0x0800f09c   0x00000038   Code   RO         1580    .text.gn7153_override_ctrl  gn7153.o
    0x0800f0d4   0x0800f0d4   0x00000024   Code   RO         1572    .text.gn7153_reset  gn7153.o
    0x0800f0f8   0x0800f0f8   0x00000050   Code   RO         1598    .text.gn7153_set_ld_ibias  gn7153.o
    0x0800f148   0x0800f148   0x00000078   Code   RO         1582    .text.gn7153_set_ld_imod  gn7153.o
    0x0800f1c0   0x0800f1c0   0x00000040   Code   RO         1614    .text.gn7153_set_rx_drv_preemph  gn7153.o
    0x0800f200   0x0800f200   0x00000024   Code   RO         1608    .text.gn7153_set_rx_eq_boost  gn7153.o
    0x0800f224   0x0800f224   0x00000026   Code   RO         1618    .text.gn7153_set_rx_los_hyst  gn7153.o
    0x0800f24a   0x0800f24a   0x00000002   PAD
    0x0800f24c   0x0800f24c   0x00000026   Code   RO         1616    .text.gn7153_set_rx_los_threshold  gn7153.o
    0x0800f272   0x0800f272   0x00000002   PAD
    0x0800f274   0x0800f274   0x00000024   Code   RO         1610    .text.gn7153_set_rx_swing  gn7153.o
    0x0800f298   0x0800f298   0x00000042   Code   RO         1604    .text.gn7153_set_tx_ld_cpa  gn7153.o
    0x0800f2da   0x0800f2da   0x00000002   PAD
    0x0800f2dc   0x0800f2dc   0x00000042   Code   RO         1612    .text.gn7153_set_tx_ld_preemph  gn7153.o
    0x0800f31e   0x0800f31e   0x00000002   PAD
    0x0800f320   0x0800f320   0x0000004a   Code   RO         1568    .text.gn7153_soft_txdsbl_ctrl  gn7153.o
    0x0800f36a   0x0800f36a   0x00000002   PAD
    0x0800f36c   0x0800f36c   0x00000038   Code   RO         1576    .text.gn7153_source_sink_select  gn7153.o
    0x0800f3a4   0x0800f3a4   0x00000030   Code   RO         1590    .text.gn7153_voltage_monitor_ctrl  gn7153.o
    0x0800f3d4   0x0800f3d4   0x000000d4   Code   RO          737    .text.gpio_af_set   gd32e501_gpio.o
    0x0800f4a8   0x0800f4a8   0x00000010   Code   RO          723    .text.gpio_bit_reset  gd32e501_gpio.o
    0x0800f4b8   0x0800f4b8   0x00000010   Code   RO          721    .text.gpio_bit_set  gd32e501_gpio.o
    0x0800f4c8   0x0800f4c8   0x0000002a   Code   RO          729    .text.gpio_input_bit_get  gd32e501_gpio.o
    0x0800f4f2   0x0800f4f2   0x00000002   PAD
    0x0800f4f4   0x0800f4f4   0x000000ae   Code   RO          138    .text.gpio_master_i2c_config_init  i2c_driver.o
    0x0800f5a2   0x0800f5a2   0x00000002   PAD
    0x0800f5a4   0x0800f5a4   0x0000009c   Code   RO          717    .text.gpio_mode_set  gd32e501_gpio.o
    0x0800f640   0x0800f640   0x0000002a   Code   RO          733    .text.gpio_output_bit_get  gd32e501_gpio.o
    0x0800f66a   0x0800f66a   0x00000002   PAD
    0x0800f66c   0x0800f66c   0x00000092   Code   RO          719    .text.gpio_output_options_set  gd32e501_gpio.o
    0x0800f6fe   0x0800f6fe   0x00000002   PAD
    0x0800f700   0x0800f700   0x00000060   Code   RO          136    .text.gpio_slave_i2c_config_init  i2c_driver.o
    0x0800f760   0x0800f760   0x00000028   Code   RO          776    .text.i2c_address_config  gd32e501_i2c.o
    0x0800f788   0x0800f788   0x00000012   Code   RO          766    .text.i2c_automatic_end_disable  gd32e501_i2c.o
    0x0800f79a   0x0800f79a   0x00000002   PAD
    0x0800f79c   0x0800f79c   0x00000300   Code   RO         1805    .text.i2c_cmd_register_init  main.o
    0x0800fa9c   0x0800fa9c   0x0000002c   Code   RO          119    .text.i2c_config_init  i2c_comm.o
    0x0800fac8   0x0800fac8   0x0000000e   Code   RO          806    .text.i2c_data_receive  gd32e501_i2c.o
    0x0800fad6   0x0800fad6   0x00000002   PAD
    0x0800fad8   0x0800fad8   0x00000012   Code   RO          804    .text.i2c_data_transmit  gd32e501_i2c.o
    0x0800faea   0x0800faea   0x00000002   PAD
    0x0800faec   0x0800faec   0x00000012   Code   RO          798    .text.i2c_disable   gd32e501_i2c.o
    0x0800fafe   0x0800fafe   0x00000002   PAD
    0x0800fb00   0x0800fb00   0x00000012   Code   RO          796    .text.i2c_enable    gd32e501_i2c.o
    0x0800fb12   0x0800fb12   0x00000002   PAD
    0x0800fb14   0x0800fb14   0x0000002a   Code   RO          852    .text.i2c_flag_get  gd32e501_i2c.o
    0x0800fb3e   0x0800fb3e   0x00000002   PAD
    0x0800fb40   0x0800fb40   0x0000000c   Code   RO          173    .text.i2c_get_write_lock  i2c_opt_ie.o
    0x0800fb4c   0x0800fb4c   0x00000044   Code   RO          233    .text.i2c_global_param_init  i2c_opt_ie.o
    0x0800fb90   0x0800fb90   0x00000014   Code   RO          858    .text.i2c_interrupt_disable  gd32e501_i2c.o
    0x0800fba4   0x0800fba4   0x00000014   Code   RO          856    .text.i2c_interrupt_enable  gd32e501_i2c.o
    0x0800fbb8   0x0800fbb8   0x0000001e   Code   RO          862    .text.i2c_interrupt_flag_clear  gd32e501_i2c.o
    0x0800fbd6   0x0800fbd6   0x00000002   PAD
    0x0800fbd8   0x0800fbd8   0x0000005e   Code   RO          860    .text.i2c_interrupt_flag_get  gd32e501_i2c.o
    0x0800fc36   0x0800fc36   0x00000002   PAD
    0x0800fc38   0x0800fc38   0x00000036   Code   RO          754    .text.i2c_master_addressing  gd32e501_i2c.o
    0x0800fc6e   0x0800fc6e   0x00000002   PAD
    0x0800fc70   0x0800fc70   0x0000007a   Code   RO          165    .text.i2c_master_buffer_info_data_add  i2c_opt_ie.o
    0x0800fcea   0x0800fcea   0x00000002   PAD
    0x0800fcec   0x0800fcec   0x0000003e   Code   RO          752    .text.i2c_master_clock_config  gd32e501_i2c.o
    0x0800fd2a   0x0800fd2a   0x00000002   PAD
    0x0800fd2c   0x0800fd2c   0x0000001c   Code   RO          143    .text.i2c_master_info_buffer_clear  i2c_opt_ie.o
    0x0800fd48   0x0800fd48   0x0000006e   Code   RO          167    .text.i2c_master_info_popup_data_from_buffer  i2c_opt_ie.o
    0x0800fdb6   0x0800fdb6   0x00000002   PAD
    0x0800fdb8   0x0800fdb8   0x0000000e   Code   RO          177    .text.i2c_read_unlock  i2c_opt_ie.o
    0x0800fdc6   0x0800fdc6   0x00000002   PAD
    0x0800fdc8   0x0800fdc8   0x00000010   Code   RO          786    .text.i2c_recevied_address_get  gd32e501_i2c.o
    0x0800fdd8   0x0800fdd8   0x0000003e   Code   RO          782    .text.i2c_second_address_config  gd32e501_i2c.o
    0x0800fe16   0x0800fe16   0x00000002   PAD
    0x0800fe18   0x0800fe18   0x00000014   Code   RO          149    .text.i2c_slave_buffer_info_clear  i2c_opt_ie.o
    0x0800fe2c   0x0800fe2c   0x00000036   Code   RO          153    .text.i2c_slave_buffer_info_data_add  i2c_opt_ie.o
    0x0800fe62   0x0800fe62   0x00000002   PAD
    0x0800fe64   0x0800fe64   0x00000058   Code   RO          155    .text.i2c_slave_buffer_mng_regaddress_info  i2c_opt_ie.o
    0x0800febc   0x0800febc   0x00000082   Code   RO          145    .text.i2c_slave_func_register_read_callback  i2c_opt_ie.o
    0x0800ff3e   0x0800ff3e   0x00000002   PAD
    0x0800ff40   0x0800ff40   0x00000080   Code   RO          147    .text.i2c_slave_func_register_write_callback  i2c_opt_ie.o
    0x0800ffc0   0x0800ffc0   0x00000014   Code   RO          157    .text.i2c_slave_info_get_buff_info  i2c_opt_ie.o
    0x0800ffd4   0x0800ffd4   0x00000050   Code   RO          159    .text.i2c_slave_info_popup_data_from_buffer  i2c_opt_ie.o
    0x08010024   0x08010024   0x00000018   Code   RO          163    .text.i2c_slave_info_set_state_read_flag  i2c_opt_ie.o
    0x0801003c   0x0801003c   0x00000014   Code   RO          151    .text.i2c_slave_info_slave_address_add  i2c_opt_ie.o
    0x08010050   0x08010050   0x0000000c   Code   RO          161    .text.i2c_slave_info_state_is_read  i2c_opt_ie.o
    0x0801005c   0x0801005c   0x00000008   Code   RO          203    .text.i2c_slave_read_write_handle  i2c_opt_ie.o
    0x08010064   0x08010064   0x00000012   Code   RO          800    .text.i2c_start_on_bus  gd32e501_i2c.o
    0x08010076   0x08010076   0x00000002   PAD
    0x08010078   0x08010078   0x00000012   Code   RO          802    .text.i2c_stop_on_bus  gd32e501_i2c.o
    0x0801008a   0x0801008a   0x00000002   PAD
    0x0801008c   0x0801008c   0x0000005e   Code   RO          748    .text.i2c_timing_config  gd32e501_i2c.o
    0x080100ea   0x080100ea   0x00000002   PAD
    0x080100ec   0x080100ec   0x00000020   Code   RO          812    .text.i2c_transfer_byte_number_config  gd32e501_i2c.o
    0x0801010c   0x0801010c   0x0000000e   Code   RO          169    .text.i2c_write_lock  i2c_opt_ie.o
    0x0801011a   0x0801011a   0x00000002   PAD
    0x0801011c   0x0801011c   0x0000000e   Code   RO          171    .text.i2c_write_unlock  i2c_opt_ie.o
    0x0801012a   0x0801012a   0x00000006   PAD
    0x08010130   0x08010130   0x000001e8   Code   RO         1874    .text.ibias_i2c_reg_write  ddm_i2c_interface.o
    0x08010318   0x08010318   0x00000130   Code   RO         1876    .text.imod_i2c_reg_write  ddm_i2c_interface.o
    0x08010448   0x08010448   0x00000130   Code   RO         1896    .text.import_binary_file_data_to_mcu_flash  ddm_i2c_interface.o
    0x08010578   0x08010578   0x000000c4   Code   RO         1801    .text.main          main.o
    0x0801063c   0x0801063c   0x00000064   Code   RO          227    .text.master_dsp_fsl_reg_4byte_size_read  i2c_opt_ie.o
    0x080106a0   0x080106a0   0x0000005e   Code   RO          219    .text.master_dsp_fsl_reg_4byte_write  i2c_opt_ie.o
    0x080106fe   0x080106fe   0x00000002   PAD
    0x08010700   0x08010700   0x0000002e   Code   RO          231    .text.master_i2c_config_init  i2c_opt_ie.o
    0x0801072e   0x0801072e   0x00000002   PAD
    0x08010730   0x08010730   0x000000c4   Code   RO          229    .text.master_i2c_dev_config  i2c_opt_ie.o
    0x080107f4   0x080107f4   0x00000100   Code   RO          209    .text.master_i2c_error_irq_handler  i2c_opt_ie.o
    0x080108f4   0x080108f4   0x00000198   Code   RO          207    .text.master_i2c_event_irq_handler  i2c_opt_ie.o
    0x08010a8c   0x08010a8c   0x0000003a   Code   RO          221    .text.master_reg_1byte_size_read  i2c_opt_ie.o
    0x08010ac6   0x08010ac6   0x00000002   PAD
    0x08010ac8   0x08010ac8   0x000002bc   Code   RO          223    .text.master_reg_byte_read  i2c_opt_ie.o
    0x08010d84   0x08010d84   0x000001fe   Code   RO          217    .text.master_reg_byte_write  i2c_opt_ie.o
    0x08010f82   0x08010f82   0x00000002   PAD
    0x08010f84   0x08010f84   0x00000092   Code   RO          127    .text.mcu_addr0xspec_1byte_reg_byte_read  i2c_comm.o
    0x08011016   0x08011016   0x00000002   PAD
    0x08011018   0x08011018   0x00000032   Code   RO          129    .text.mcu_addr0xspec_reg_byte_read  i2c_comm.o
    0x0801104a   0x0801104a   0x00000002   PAD
    0x0801104c   0x0801104c   0x000000a6   Code   RO          125    .text.mcu_addr0xspec_reg_byte_write  i2c_comm.o
    0x080110f2   0x080110f2   0x00000002   PAD
    0x080110f4   0x080110f4   0x00000088   Code   RO          123    .text.mcu_register_reg_addr_read_callback  i2c_comm.o
    0x0801117c   0x0801117c   0x00000088   Code   RO          121    .text.mcu_register_reg_addr_write_callback  i2c_comm.o
    0x08011204   0x08011204   0x0000002e   Code   RO         1752    .text.mcu_trigger_gpion_init  trigger_interrupt_mode.o
    0x08011232   0x08011232   0x00000002   PAD
    0x08011234   0x08011234   0x00000036   Code   RO         1754    .text.mcu_trigger_mode_init  trigger_interrupt_mode.o
    0x0801126a   0x0801126a   0x00000002   PAD
    0x0801126c   0x0801126c   0x0000012a   Code   RO          912    .text.nvic_irq_enable  gd32e501_misc.o
    0x08011396   0x08011396   0x00000002   PAD
    0x08011398   0x08011398   0x0000001c   Code   RO          910    .text.nvic_priority_group_set  gd32e501_misc.o
    0x080113b4   0x080113b4   0x00000024   Code   RO          922    .text.nvic_vector_table_set  gd32e501_misc.o
    0x080113d8   0x080113d8   0x0000040a   Code   RO         1907    .text.om_cmd_ddm_read_reg_byte  ddm_sff_i2c_interface.o
    0x080117e2   0x080117e2   0x00000002   PAD
    0x080117e4   0x080117e4   0x00000018   Code   RO         1944    .text.om_crc32_reset  sff_8472.o
    0x080117fc   0x080117fc   0x0000015a   Code   RO         1940    .text.om_default_config_flash_init  sff_8472.o
    0x08011956   0x08011956   0x00000002   PAD
    0x08011958   0x08011958   0x000000d8   Code   RO         1938    .text.om_default_config_flash_read  sff_8472.o
    0x08011a30   0x08011a30   0x000008e8   Code   RO         1974    .text.om_default_config_flash_read_10g  sff_8472.o
    0x08012318   0x08012318   0x00000700   Code   RO         1976    .text.om_default_config_flash_read_1g  sff_8472.o
    0x08012a18   0x08012a18   0x000009f8   Code   RO         1970    .text.om_default_config_flash_read_50g  sff_8472.o
    0x08013410   0x08013410   0x00000040   Code   RO         1913    .text.om_erase_data_config_flash_write  ddm_sff_i2c_interface.o
    0x08013450   0x08013450   0x000000c4   Code   RO         1946    .text.om_flash_block_data_calculate_crc32  sff_8472.o
    0x08013514   0x08013514   0x0000033e   Code   RO         1901    .text.om_flash_write_reg_byte  ddm_sff_i2c_interface.o
    0x08013852   0x08013852   0x00000002   PAD
    0x08013854   0x08013854   0x0000019a   Code   RO         1903    .text.om_memory_state_ctrl_write_reg_byte  ddm_sff_i2c_interface.o
    0x080139ee   0x080139ee   0x00000002   PAD
    0x080139f0   0x080139f0   0x00000050   Code   RO         1911    .text.om_save_data_config_flash_write  ddm_sff_i2c_interface.o
    0x08013a40   0x08013a40   0x000001c4   Code   RO         1905    .text.om_v2_flash_read_reg_byte  ddm_sff_i2c_interface.o
    0x08013c04   0x08013c04   0x00000228   Code   RO         1909    .text.om_v2_memory_read_reg_byte  ddm_sff_i2c_interface.o
    0x08013e2c   0x08013e2c   0x000001ac   Code   RO          986    .text.rcu_adc_clock_config  gd32e501_rcu.o
    0x08013fd8   0x08013fd8   0x000002be   Code   RO         1036    .text.rcu_clock_freq_get  gd32e501_rcu.o
    0x08014296   0x08014296   0x00000002   PAD
    0x08014298   0x08014298   0x00000082   Code   RO           50    .text.rcu_config_init  mcu_config_public.o
    0x0801431a   0x0801431a   0x00000002   PAD
    0x0801431c   0x0801431c   0x00000090   Code   RO          994    .text.rcu_i2c_clock_config  gd32e501_rcu.o
    0x080143ac   0x080143ac   0x00000028   Code   RO          960    .text.rcu_periph_clock_enable  gd32e501_rcu.o
    0x080143d4   0x080143d4   0x00000028   Code   RO          970    .text.rcu_periph_reset_disable  gd32e501_rcu.o
    0x080143fc   0x080143fc   0x00000028   Code   RO          968    .text.rcu_periph_reset_enable  gd32e501_rcu.o
    0x08014424   0x08014424   0x00000022   Code   RO         1818    .text.read_update_flag  update_comm.o
    0x08014446   0x08014446   0x00000002   PAD
    0x08014448   0x08014448   0x00000072   Code   RO          141    .text.reset_master_i2c  i2c_opt_ie.o
    0x080144ba   0x080144ba   0x00000002   PAD
    0x080144bc   0x080144bc   0x00000034   Code   RO          181    .text.reset_slave_i2c  i2c_opt_ie.o
    0x080144f0   0x080144f0   0x000000e0   Code   RO         1886    .text.rx_deemph_i2c_reg_write  ddm_i2c_interface.o
    0x080145d0   0x080145d0   0x000000e0   Code   RO         1880    .text.rx_eq_i2c_reg_write  ddm_i2c_interface.o
    0x080146b0   0x080146b0   0x00000130   Code   RO         1890    .text.rx_los_hyst_i2c_reg_write  ddm_i2c_interface.o
    0x080147e0   0x080147e0   0x00000130   Code   RO         1888    .text.rx_los_threshold_i2c_reg_write  ddm_i2c_interface.o
    0x08014910   0x08014910   0x000001b0   Code   RO           73    .text.search_bisection_temp_by_adc  mcu_system_comm.o
    0x08014ac0   0x08014ac0   0x00000026   Code   RO           63    .text.set_u16       mcu_system_comm.o
    0x08014ae6   0x08014ae6   0x00000002   PAD
    0x08014ae8   0x08014ae8   0x00000032   Code   RO           67    .text.set_u32       mcu_system_comm.o
    0x08014b1a   0x08014b1a   0x00000002   PAD
    0x08014b1c   0x08014b1c   0x00000010   Code   RO         1747    .text.sgm1296_tec_init  sgm41296_tec.o
    0x08014b2c   0x08014b2c   0x00000066   Code   RO         1717    .text.sgm2508_gpio_init  sgm2508_ea.o
    0x08014b92   0x08014b92   0x00000002   PAD
    0x08014b94   0x08014b94   0x00000020   Code   RO         1711    .text.sgm2508_init  sgm2508_ea.o
    0x08014bb4   0x08014bb4   0x00000004   PAD
    0x08014bb8   0x08014bb8   0x00000070   Code   RO         1713    .text.sgm2508_set_vea_10g  sgm2508_ea.o
    0x08014c28   0x08014c28   0x00000070   Code   RO         1715    .text.sgm2508_set_vea_50g  sgm2508_ea.o
    0x08014c98   0x08014c98   0x00000084   Code   RO         1726    .text.sgm41282c_gpio_10g_init  sgm41282c_apd.o
    0x08014d1c   0x08014d1c   0x00000084   Code   RO         1728    .text.sgm41282c_gpio_1g_init  sgm41282c_apd.o
    0x08014da0   0x08014da0   0x00000082   Code   RO         1724    .text.sgm41282c_gpio_50g_init  sgm41282c_apd.o
    0x08014e22   0x08014e22   0x00000002   PAD
    0x08014e24   0x08014e24   0x0000003e   Code   RO         1720    .text.sgm41282c_init  sgm41282c_apd.o
    0x08014e62   0x08014e62   0x00000006   PAD
    0x08014e68   0x08014e68   0x000000a8   Code   RO         1722    .text.sgm41282c_set_apd  sgm41282c_apd.o
    0x08014f10   0x08014f10   0x00000072   Code   RO         1736    .text.sgm41282c_set_apd_vcc  sgm41282c_apd.o
    0x08014f82   0x08014f82   0x00000002   PAD
    0x08014f84   0x08014f84   0x0000000a   Code   RO         1743    .text.sgm41296_tec_get_therm_adc  sgm41296_tec.o
    0x08014f8e   0x08014f8e   0x00000002   PAD
    0x08014f90   0x08014f90   0x00000058   Code   RO         1741    .text.sgm41296_tec_get_xtec_voltage  sgm41296_tec.o
    0x08014fe8   0x08014fe8   0x0000005a   Code   RO         1739    .text.sgm41296_tec_gpio_init  sgm41296_tec.o
    0x08015042   0x08015042   0x00000002   PAD
    0x08015044   0x08015044   0x000000a0   Code   RO         1745    .text.sgm41296_tec_release_limit_refresh  sgm41296_tec.o
    0x080150e4   0x080150e4   0x00000004   PAD
    0x080150e8   0x080150e8   0x00000074   Code   RO         1749    .text.sgm41296_vtec_dac_ctl_set  sgm41296_tec.o
    0x0801515c   0x0801515c   0x0000015e   Code   RO          205    .text.slave_error_irq_handler  i2c_opt_ie.o
    0x080152ba   0x080152ba   0x00000002   PAD
    0x080152bc   0x080152bc   0x00000124   Code   RO          185    .text.slave_event_irq_handler  i2c_opt_ie.o
    0x080153e0   0x080153e0   0x000000a6   Code   RO          189    .text.slave_i2c_address_match_handle  i2c_opt_ie.o
    0x08015486   0x08015486   0x00000002   PAD
    0x08015488   0x08015488   0x00000016   Code   RO          213    .text.slave_i2c_config_init  i2c_opt_ie.o
    0x0801549e   0x0801549e   0x00000002   PAD
    0x080154a0   0x080154a0   0x00000068   Code   RO          211    .text.slave_i2c_dev_config  i2c_opt_ie.o
    0x08015508   0x08015508   0x000000da   Code   RO          199    .text.slave_i2c_lock_reset  i2c_opt_ie.o
    0x080155e2   0x080155e2   0x00000002   PAD
    0x080155e4   0x080155e4   0x000000b0   Code   RO          201    .text.slave_i2c_middle_handle  i2c_opt_ie.o
    0x08015694   0x08015694   0x00000070   Code   RO          191    .text.slave_i2c_read_handle  i2c_opt_ie.o
    0x08015704   0x08015704   0x00000078   Code   RO          187    .text.slave_i2c_receive_handle  i2c_opt_ie.o
    0x0801577c   0x0801577c   0x00000046   Code   RO          195    .text.slave_i2c_write_handle  i2c_opt_ie.o
    0x080157c2   0x080157c2   0x00000002   PAD
    0x080157c4   0x080157c4   0x00000046   Code   RO          183    .text.slave_i2c_write_special_handleing  i2c_opt_ie.o
    0x0801580a   0x0801580a   0x00000002   PAD
    0x0801580c   0x0801580c   0x000000c2   Code   RO          197    .text.slave_reg_byte_write  i2c_opt_ie.o
    0x080158ce   0x080158ce   0x00000002   PAD
    0x080158d0   0x080158d0   0x000000d4   Code   RO          193    .text.slave_v2_reg_byte_read  i2c_opt_ie.o
    0x080159a4   0x080159a4   0x00000004   PAD
    0x080159a8   0x080159a8   0x000000a4   Code   RO         1870    .text.soa_i2c_ild_reg_write  ddm_i2c_interface.o
    0x08015a4c   0x08015a4c   0x00000004   PAD
    0x08015a50   0x08015a50   0x00000130   Code   RO         1878    .text.swing_i2c_reg_write  ddm_i2c_interface.o
    0x08015b80   0x08015b80   0x0000000c   Code   RO           52    .text.syscfg_config  mcu_config_public.o
    0x08015b8c   0x08015b8c   0x00000018   Code   RO         1193    .text.syscfg_deinit  gd32e501_syscfg.o
    0x08015ba4   0x08015ba4   0x000000ac   Code   RO         1211    .text.syscfg_exti_line_config  gd32e501_syscfg.o
    0x08015c50   0x08015c50   0x00000010   Code   RO         1205    .text.syscfg_vref_enable  gd32e501_syscfg.o
    0x08015c60   0x08015c60   0x00000100   Code   RO          261    .text.system_clock_100m_irc8m  system_gd32e501.o
    0x08015d60   0x08015d60   0x00000008   Code   RO          257    .text.system_clock_config  system_gd32e501.o
    0x08015d68   0x08015d68   0x00000048   Code   RO           59    .text.system_delay_ms  mcu_system_comm.o
    0x08015db0   0x08015db0   0x00000032   Code   RO            2    .text.systick_config  systick.o
    0x08015de2   0x08015de2   0x00000006   PAD
    0x08015de8   0x08015de8   0x0000032c   Code   RO         1761    .text.tec_calc_auto_rth_temp  tec_comm.o
    0x08016114   0x08016114   0x0000000c   Code   RO         1759    .text.tec_config_init  tec_comm.o
    0x08016120   0x08016120   0x00000008   Code   RO         1798    .text.tec_device_init  tec_driver.o
    0x08016128   0x08016128   0x00000010   Code   RO         1796    .text.tec_get_xtec_voltage  tec_driver.o
    0x08016138   0x08016138   0x00000020   Code   RO         1757    .text.tec_global_vars_init  tec_comm.o
    0x08016158   0x08016158   0x0000006c   Code   RO         1781    .text.tec_i2_ctl_temperature_reg_read  tec_i2c_interface.o
    0x080161c4   0x080161c4   0x0000006a   Code   RO         1783    .text.tec_i2c_calc_ctl_auto_reg_write  tec_i2c_interface.o
    0x0801622e   0x0801622e   0x00000002   PAD
    0x08016230   0x08016230   0x00000066   Code   RO         1785    .text.tec_i2c_temperature_obj_write  tec_i2c_interface.o
    0x08016296   0x08016296   0x00000002   PAD
    0x08016298   0x08016298   0x00000058   Code   RO         1779    .text.tec_i2c_vtec_ctl_reg_read  tec_i2c_interface.o
    0x080162f0   0x080162f0   0x00000070   Code   RO         1777    .text.tec_i2c_vtec_ctl_reg_write  tec_i2c_interface.o
    0x08016360   0x08016360   0x0000000c   Code   RO         1767    .text.tec_pid_calc_auto  tec_comm.o
    0x0801636c   0x0801636c   0x0000003a   Code   RO         1765    .text.tec_process   tec_comm.o
    0x080163a6   0x080163a6   0x00000002   PAD
    0x080163a8   0x080163a8   0x00000008   Code   RO         1792    .text.tec_release_limit_refresh  tec_driver.o
    0x080163b0   0x080163b0   0x00000058   Code   RO         1763    .text.tec_save_ctl_temperature_value  tec_comm.o
    0x08016408   0x08016408   0x00000068   Code   RO         1794    .text.tec_set_ctl_voltage  tec_driver.o
    0x08016470   0x08016470   0x00000038   Code   RO         1773    .text.tec_set_ctrl_temperature_obj  tec_comm.o
    0x080164a8   0x080164a8   0x0000001a   Code   RO         1771    .text.tec_set_default_mini_status  tec_comm.o
    0x080164c2   0x080164c2   0x00000002   PAD
    0x080164c4   0x080164c4   0x0000000e   Code   RO         1769    .text.tec_start_auto_adjust  tec_comm.o
    0x080164d2   0x080164d2   0x00000002   PAD
    0x080164d4   0x080164d4   0x00000060   Code   RO         1787    .text.tec_xtec_value_reg_read  tec_i2c_interface.o
    0x08016534   0x08016534   0x0000010a   Code   RO         1828    .text.test_dac_value_write_reg  update_comm.o
    0x0801663e   0x0801663e   0x00000002   PAD
    0x08016640   0x08016640   0x00000060   Code   RO         1830    .text.test_get_gpio_periph  update_comm.o
    0x080166a0   0x080166a0   0x00000020   Code   RO         1832    .text.test_get_gpio_pin  update_comm.o
    0x080166c0   0x080166c0   0x0000008e   Code   RO         1838    .text.test_gpio_info_read_reg  update_comm.o
    0x0801674e   0x0801674e   0x00000002   PAD
    0x08016750   0x08016750   0x0000008a   Code   RO         1836    .text.test_gpio_info_write_reg  update_comm.o
    0x080167da   0x080167da   0x00000002   PAD
    0x080167dc   0x080167dc   0x000000b4   Code   RO         1834    .text.test_gpio_value_write_reg  update_comm.o
    0x08016890   0x08016890   0x00000042   Code   RO         1789    .text.test_tec_i2c_rest_gpio_write  tec_i2c_interface.o
    0x080168d2   0x080168d2   0x00000006   PAD
    0x080168d8   0x080168d8   0x000000e8   Code   RO         1884    .text.tx_deemph_i2c_reg_write  ddm_i2c_interface.o
    0x080169c0   0x080169c0   0x00000024   Code   RO         1812    .text.upate_mem_is_alloc  update_comm.o
    0x080169e4   0x080169e4   0x0000026c   Code   RO         1851    .text.update_app_write_reg_byte  update_i2c_interface.o
    0x08016c50   0x08016c50   0x00000236   Code   RO         1853    .text.update_firmware_write_reg_byte  update_i2c_interface.o
    0x08016e86   0x08016e86   0x00000002   PAD
    0x08016e88   0x08016e88   0x0000003c   Code   RO         1816    .text.update_mem_all_memset  update_comm.o
    0x08016ec4   0x08016ec4   0x00000076   Code   RO         1810    .text.update_mem_malloc  update_comm.o
    0x08016f3a   0x08016f3a   0x00000002   PAD
    0x08016f3c   0x08016f3c   0x00000108   Code   RO         1924    .text.update_om_bias  sff_8472.o
    0x08017044   0x08017044   0x00000068   Code   RO         1934    .text.update_om_diagnose  sff_8472.o
    0x080170ac   0x080170ac   0x00000004   PAD
    0x080170b0   0x080170b0   0x0000017c   Code   RO         1930    .text.update_om_rx_power  sff_8472.o
    0x0801722c   0x0801722c   0x00000004   PAD
    0x08017230   0x08017230   0x00000108   Code   RO         1920    .text.update_om_temperature  sff_8472.o
    0x08017338   0x08017338   0x000001b4   Code   RO         1926    .text.update_om_tx_power  sff_8472.o
    0x080174ec   0x080174ec   0x00000108   Code   RO         1922    .text.update_om_voltage  sff_8472.o
    0x080175f4   0x080175f4   0x00000f94   Code   RO         1936    .text.update_om_warning  sff_8472.o
    0x08018588   0x08018588   0x000000d2   Code   RO         1855    .text.upgrade_dev_version_reg_read  update_i2c_interface.o
    0x0801865a   0x0801865a   0x00000002   PAD
    0x0801865c   0x0801865c   0x000000bc   Code   RO         1371    .text.usart_baudrate_set  gd32e501_usart.o
    0x08018718   0x08018718   0x00000010   Code   RO         1407    .text.usart_data_receive  gd32e501_usart.o
    0x08018728   0x08018728   0x00000014   Code   RO         1405    .text.usart_data_transmit  gd32e501_usart.o
    0x0801873c   0x0801873c   0x00000052   Code   RO         1369    .text.usart_deinit  gd32e501_usart.o
    0x0801878e   0x0801878e   0x00000002   PAD
    0x08018790   0x08018790   0x00000012   Code   RO         1379    .text.usart_enable  gd32e501_usart.o
    0x080187a2   0x080187a2   0x00000002   PAD
    0x080187a4   0x080187a4   0x0000003a   Code   RO         1503    .text.usart_flag_get  gd32e501_usart.o
    0x080187de   0x080187de   0x00000002   PAD
    0x080187e0   0x080187e0   0x00000024   Code   RO         1509    .text.usart_interrupt_disable  gd32e501_usart.o
    0x08018804   0x08018804   0x00000024   Code   RO         1507    .text.usart_interrupt_enable  gd32e501_usart.o
    0x08018828   0x08018828   0x0000005e   Code   RO         1513    .text.usart_interrupt_flag_get  gd32e501_usart.o
    0x08018886   0x08018886   0x00000002   PAD
    0x08018888   0x08018888   0x00000028   Code   RO         1373    .text.usart_parity_config  gd32e501_usart.o
    0x080188b0   0x080188b0   0x0000001e   Code   RO         1385    .text.usart_receive_config  gd32e501_usart.o
    0x080188ce   0x080188ce   0x00000002   PAD
    0x080188d0   0x080188d0   0x00000028   Code   RO         1377    .text.usart_stop_bit_set  gd32e501_usart.o
    0x080188f8   0x080188f8   0x0000001e   Code   RO         1383    .text.usart_transmit_config  gd32e501_usart.o
    0x08018916   0x08018916   0x00000002   PAD
    0x08018918   0x08018918   0x00000028   Code   RO         1375    .text.usart_word_length_set  gd32e501_usart.o
    0x08018940   0x08018940   0x000000d8   Code   RO          235    .text.user_check_password_write_reg  i2c_opt_ie.o
    0x08018a18   0x08018a18   0x00000022   Code   RO          237    .text.user_optical_pwd_limit_init  i2c_opt_ie.o
    0x08018a3a   0x08018a3a   0x00000002   PAD
    0x08018a3c   0x08018a3c   0x000000b6   Code   RO         1665    .text.ux3326_apc_auto_enable_ctrl  ux3326.o
    0x08018af2   0x08018af2   0x00000006   PAD
    0x08018af8   0x08018af8   0x000000bc   Code   RO         1667    .text.ux3326_apc_target_voltage  ux3326.o
    0x08018bb4   0x08018bb4   0x00000004   PAD
    0x08018bb8   0x08018bb8   0x000000b0   Code   RO         1647    .text.ux3326_get_ld_ibias  ux3326.o
    0x08018c68   0x08018c68   0x00000060   Code   RO         1653    .text.ux3326_get_mpd_ibias  ux3326.o
    0x08018cc8   0x08018cc8   0x000000b8   Code   RO         1645    .text.ux3326_get_voltage  ux3326.o
    0x08018d80   0x08018d80   0x0000006c   Code   RO         1633    .text.ux3326_gpio_init  ux3326.o
    0x08018dec   0x08018dec   0x00000010   Code   RO         1631    .text.ux3326_init   ux3326.o
    0x08018dfc   0x08018dfc   0x0000004c   Code   RO         1639    .text.ux3326_normal_setting  ux3326.o
    0x08018e48   0x08018e48   0x00000024   Code   RO         1635    .text.ux3326_reset  ux3326.o
    0x08018e6c   0x08018e6c   0x00000058   Code   RO         1649    .text.ux3326_set_ld_ibias  ux3326.o
    0x08018ec4   0x08018ec4   0x00000004   PAD
    0x08018ec8   0x08018ec8   0x00000080   Code   RO         1651    .text.ux3326_set_ld_imod  ux3326.o
    0x08018f48   0x08018f48   0x0000004e   Code   RO         1661    .text.ux3326_set_rx_los_hyst  ux3326.o
    0x08018f96   0x08018f96   0x00000002   PAD
    0x08018f98   0x08018f98   0x00000026   Code   RO         1659    .text.ux3326_set_rx_los_threshold  ux3326.o
    0x08018fbe   0x08018fbe   0x00000002   PAD
    0x08018fc0   0x08018fc0   0x00000024   Code   RO         1657    .text.ux3326_set_rx_swing  ux3326.o
    0x08018fe4   0x08018fe4   0x00000026   Code   RO         1655    .text.ux3326_set_tx_ld_cpa  ux3326.o
    0x0801900a   0x0801900a   0x00000002   PAD
    0x0801900c   0x0801900c   0x00000048   Code   RO         1637    .text.ux3326_soft_txdsbl_ctrl  ux3326.o
    0x08019054   0x08019054   0x00000004   PAD
    0x08019058   0x08019058   0x000000f0   Code   RO         1872    .text.vea_i2c_vcc_reg_write  ddm_i2c_interface.o
    0x08019148   0x08019148   0x0000004c   Code   RO         1820    .text.write_update_flag  update_comm.o
    0x08019194   0x08019194   0x00000020   Code   RO         2242    i.__0printf         mc_w.l(printfa.o)
    0x080191b4   0x080191b4   0x00000030   Code   RO         2291    i.__ARM_fpclassify  m_wm.l(fpclassify.o)
    0x080191e4   0x080191e4   0x00000004   PAD
    0x080191e8   0x080191e8   0x00000118   Code   RO         2216    i.__hardfp_ceil     m_wm.l(ceil.o)
    0x08019300   0x08019300   0x00000358   Code   RO         2219    i.__hardfp_exp      m_wm.l(exp.o)
    0x08019658   0x08019658   0x00000118   Code   RO         2223    i.__hardfp_floor    m_wm.l(floor.o)
    0x08019770   0x08019770   0x000003c4   Code   RO         2292    i.__hardfp_log      m_wm.l(log.o)
    0x08019b34   0x08019b34   0x00000004   PAD
    0x08019b38   0x08019b38   0x00000130   Code   RO         2226    i.__hardfp_log10    m_wm.l(log10.o)
    0x08019c68   0x08019c68   0x00000c60   Code   RO         2229    i.__hardfp_pow      m_wm.l(pow.o)
    0x0801a8c8   0x0801a8c8   0x000000f8   Code   RO         2296    i.__kernel_poly     m_wm.l(poly.o)
    0x0801a9c0   0x0801a9c0   0x00000030   Code   RO         2281    i.__mathlib_dbl_divzero  m_wm.l(dunder.o)
    0x0801a9f0   0x0801a9f0   0x00000014   Code   RO         2282    i.__mathlib_dbl_infnan  m_wm.l(dunder.o)
    0x0801aa04   0x0801aa04   0x00000014   Code   RO         2283    i.__mathlib_dbl_infnan2  m_wm.l(dunder.o)
    0x0801aa18   0x0801aa18   0x00000020   Code   RO         2284    i.__mathlib_dbl_invalid  m_wm.l(dunder.o)
    0x0801aa38   0x0801aa38   0x00000020   Code   RO         2285    i.__mathlib_dbl_overflow  m_wm.l(dunder.o)
    0x0801aa58   0x0801aa58   0x00000020   Code   RO         2287    i.__mathlib_dbl_underflow  m_wm.l(dunder.o)
    0x0801aa78   0x0801aa78   0x0000000e   Code   RO         2344    i.__scatterload_copy  mc_w.l(handlers.o)
    0x0801aa86   0x0801aa86   0x00000002   Code   RO         2345    i.__scatterload_null  mc_w.l(handlers.o)
    0x0801aa88   0x0801aa88   0x0000000e   Code   RO         2346    i.__scatterload_zeroinit  mc_w.l(handlers.o)
    0x0801aa96   0x0801aa96   0x00000002   PAD
    0x0801aa98   0x0801aa98   0x0000000c   Code   RO         2330    i.__set_errno       mc_w.l(errno.o)
    0x0801aaa4   0x0801aaa4   0x00000184   Code   RO         2249    i._fp_digits        mc_w.l(printfa.o)
    0x0801ac28   0x0801ac28   0x000006dc   Code   RO         2250    i._printf_core      mc_w.l(printfa.o)
    0x0801b304   0x0801b304   0x00000024   Code   RO         2251    i._printf_post_padding  mc_w.l(printfa.o)
    0x0801b328   0x0801b328   0x0000002e   Code   RO         2252    i._printf_pre_padding  mc_w.l(printfa.o)
    0x0801b356   0x0801b356   0x00000018   Code   RO         2290    i.fabs              m_wm.l(fabs.o)
    0x0801b36e   0x0801b36e   0x00000010   Code   RO         2294    i.log               m_wm.l(log.o)
    0x0801b37e   0x0801b37e   0x00000002   PAD
    0x0801b380   0x0801b380   0x0000006c   Code   RO         2256    i.malloc            mc_w.l(malloc.o)
    0x0801b3ec   0x0801b3ec   0x0000006e   Code   RO         2300    i.sqrt              m_wm.l(sqrt.o)
    0x0801b45a   0x0801b45a   0x00000006   PAD
    0x0801b460   0x0801b460   0x00000058   Data   RO         2222    .constdata          m_wm.l(exp.o)
    0x0801b4b8   0x0801b4b8   0x00000088   Data   RO         2232    .constdata          m_wm.l(pow.o)
    0x0801b540   0x0801b540   0x00000038   Data   RO         2295    .constdata          m_wm.l(log.o)
    0x0801b578   0x0801b578   0x00000008   Data   RO         2297    .constdata          m_wm.l(qnan.o)
    0x0801b580   0x0801b580   0x00000007   Data   RO          253    .rodata.str1.1      i2c_opt_ie.o
    0x0801b587   0x0801b587   0x0000000b   Data   RO         1706    .rodata.str1.1      dsp_fsl_i2c_interface.o
    0x0801b592   0x0801b592   0x00000010   Data   RO         1807    .rodata.str1.1      main.o
    0x0801b5a2   0x0801b5a2   0x0000005d   Data   RO         1846    .rodata.str1.1      update_comm.o
    0x0801b5ff   0x0801b5ff   0x00000098   Data   RO         1862    .rodata.str1.1      update_i2c_interface.o
    0x0801b697   0x0801b697   0x00000251   Data   RO         1990    .rodata.str1.1      sff_8472.o
    0x0801b8e8   0x0801b8e8   0x00000020   Data   RO         2343    Region$$Table       anon$$obj.o


    Execution Region RW_IRAM1 (Exec base: 0x20000000, Load base: 0x0801b908, Size: 0x00001cf8, Max: 0x00008000, ABSOLUTE, COMPRESSED[0x00000368])

    Exec Addr    Load Addr    Size         Type   Attr      Idx    E Section Name        Object

    0x20000000   COMPRESSED   0x00000004   Data   RW         2315    .data               mc_w.l(stdout.o)
    0x20000004   COMPRESSED   0x00000004   Data   RW         2326    .data               mc_w.l(mvars.o)
    0x20000008   COMPRESSED   0x00000004   Data   RW         2327    .data               mc_w.l(mvars.o)
    0x2000000c   COMPRESSED   0x00000004   Data   RW         2331    .data               mc_w.l(errno.o)
    0x20000010   COMPRESSED   0x00000004   Data   RW          263    .data.SystemCoreClock  system_gd32e501.o
    0x20000014   COMPRESSED   0x00000100   Data   RW         1978    .data.a0            sff_8472.o
    0x20000114   COMPRESSED   0x00000100   Data   RW         1979    .data.a2            sff_8472.o
    0x20000214   COMPRESSED   0x00000100   Data   RW         1980    .data.b0            sff_8472.o
    0x20000314   COMPRESSED   0x00000100   Data   RW         1981    .data.b2            sff_8472.o
    0x20000414   COMPRESSED   0x00000100   Data   RW         1982    .data.c0            sff_8472.o
    0x20000514   COMPRESSED   0x00000100   Data   RW         1983    .data.c2            sff_8472.o
    0x20000614   COMPRESSED   0x00000044   Data   RW         2139    .data.g_case_temp_adc  thermistor_rth.o
    0x20000658   COMPRESSED   0x00000030   Data   RW         2141    .data.g_funcCat0Para  do_cmd_struct.o
    0x20000688   COMPRESSED   0x00000030   Data   RW         2142    .data.g_funcCat1Para  do_cmd_struct.o
    0x200006b8   COMPRESSED   0x00000030   Data   RW         2143    .data.g_funcCat2Para  do_cmd_struct.o
    0x200006e8   COMPRESSED   0x00000020   Data   RW         2144    .data.g_funcCat3Para  do_cmd_struct.o
    0x20000708   COMPRESSED   0x00000010   Data   RW         2145    .data.g_funcCat4Para  do_cmd_struct.o
    0x20000718   COMPRESSED   0x00000050   Data   RW         2146    .data.g_funcCat5Para  do_cmd_struct.o
    0x20000768   COMPRESSED   0x00000010   Data   RW         2147    .data.g_funcCat6Para  do_cmd_struct.o
    0x20000778   COMPRESSED   0x000000b8   Data   RW         2215    .data.g_hpllFre     dsp_hpll_init.o
    0x20000830   COMPRESSED   0x00000004   Data   RW         2168    .data.g_regMaxOpNum  reg_op.o
    0x20000834   COMPRESSED   0x0000001c   Data   RW         2148    .data.g_sreFuncArr  do_cmd_struct.o
    0x20000850   COMPRESSED   0x0000014c   Data   RW         2138    .data.g_tec_temp_adc  thermistor_rth.o
    0x2000099c   COMPRESSED   0x00000001   Data   RW           40    .data.g_usart_receivesize  gd32e501_it.o
    0x2000099d   COMPRESSED   0x00000028   Data   RW         1669    .data.t0            ux3326.o
    0x200009c5   COMPRESSED   0x00000001   Data   RW         1845    .data.update_flag   update_comm.o
    0x200009c6   COMPRESSED   0x00000002   PAD
    0x200009c8        -       0x00000006   Zero   RW          109    .bss.adc_dma_sample_value  adc_sample_comm.o
    0x200009ce        -       0x0000001a   Zero   RW         1988    .bss.ddm_adc_out_val  sff_8472.o
    0x200009e8        -       0x00000078   Zero   RW         1989    .bss.default_config_value  sff_8472.o
    0x20000a60        -       0x00000004   Zero   RW           12    .bss.delay          systick.o
    0x20000a64        -       0x00000002   Zero   RW         2214    .bss.g_acqCode      dsp_hpll_init.o
    0x20000a66   COMPRESSED   0x00000002   PAD
    0x20000a68        -       0x000000f4   Zero   RW          245    .bss.g_ai2c_master_info_cfg  i2c_opt_ie.o
    0x20000b5c        -       0x000000f4   Zero   RW          246    .bss.g_bi2c_master_info_cfg  i2c_opt_ie.o
    0x20000c50        -       0x00000001   Zero   RW         1861    .bss.g_crc_is_ok    update_i2c_interface.o
    0x20000c51        -       0x00000028   Zero   RW         1707    .bss.g_dsp_info     dsp_fsl_i2c_interface.o
    0x20000c79        -       0x00000014   Zero   RW         1708    .bss.g_dsp_pll      dsp_fsl_i2c_interface.o
    0x20000c8d   COMPRESSED   0x00000003   PAD
    0x20000c90        -       0x0000000c   Zero   RW          244    .bss.g_i2c_global_vars  i2c_opt_ie.o
    0x20000c9c        -       0x00000120   Zero   RW          249    .bss.g_i2c_slave_info_cfg  i2c_opt_ie.o
    0x20000dbc        -       0x00000160   Zero   RW          134    .bss.g_mcu_addr0xspec_reg_read_callback_array  i2c_comm.o
    0x20000f1c        -       0x00000004   Zero   RW          132    .bss.g_mcu_addr0xspec_reg_read_idx  i2c_comm.o
    0x20000f20        -       0x00000160   Zero   RW          133    .bss.g_mcu_addr0xspec_reg_write_callback_array  i2c_comm.o
    0x20001080        -       0x00000004   Zero   RW          131    .bss.g_mcu_addr0xspec_reg_write_idx  i2c_comm.o
    0x20001084        -       0x00000028   Zero   RW           87    .bss.g_mcu_vars_param  mcu_global_vars_param.o
    0x200010ac        -       0x00000010   Zero   RW          252    .bss.g_optical_limit_pwd  i2c_opt_ie.o
    0x200010bc        -       0x00000004   Zero   RW         1842    .bss.g_page_idx     update_comm.o
    0x200010c0        -       0x00000004   Zero   RW         1843    .bss.g_pkt_count_to_flash  update_comm.o
    0x200010c4        -       0x00000004   Zero   RW         1844    .bss.g_pkt_rx       update_comm.o
    0x200010c8        -       0x000000a0   Zero   RW          247    .bss.g_slave_read_cfg_callback_array  i2c_opt_ie.o
    0x20001168        -       0x00000004   Zero   RW          242    .bss.g_slave_read_cfg_idx  i2c_opt_ie.o
    0x2000116c        -       0x000000a0   Zero   RW          248    .bss.g_slave_write_cfg_callback_array  i2c_opt_ie.o
    0x2000120c        -       0x00000004   Zero   RW          241    .bss.g_slave_write_cfg_idx  i2c_opt_ie.o
    0x20001210        -       0x00000008   Zero   RW         1775    .bss.g_tec_vars_param  tec_comm.o
    0x20001218        -       0x00000004   Zero   RW         1841    .bss.g_update_mem_idx  update_comm.o
    0x2000121c        -       0x00000004   Zero   RW         1840    .bss.g_update_mem_ptr  update_comm.o
    0x20001220        -       0x00000020   Zero   RW           43    .bss.g_usart_receiver_buffer  gd32e501_it.o
    0x20001240        -       0x00000002   Zero   RW           42    .bss.g_usart_rxcount  gd32e501_it.o
    0x20001242   COMPRESSED   0x00000002   PAD
    0x20001244        -       0x000000a8   Zero   RW         1987    .bss.om_default_config  sff_8472.o
    0x200012ec        -       0x00000004   Zero   RW          250    .bss.slave_i2c_lock_reset.pre_ticks  i2c_opt_ie.o
    0x200012f0        -       0x00000001   Zero   RW         1847    .bss.test_gpio_flg  update_comm.o
    0x200012f1        -       0x00000001   Zero   RW         1848    .bss.test_gpio_in_out_flg  update_comm.o
    0x200012f2        -       0x00000001   Zero   RW         1849    .bss.test_gpio_pin_flg  update_comm.o
    0x200012f3   COMPRESSED   0x00000005   PAD
    0x200012f8        -       0x00000600   Zero   RW         1533    HEAP                startup_gd32e501.o
    0x200018f8        -       0x00000400   Zero   RW         1532    STACK               startup_gd32e501.o


==============================================================================

Image component sizes


      Code (inc. data)   RO Data    RW Data    ZI Data      Debug   Object Name

       552          0          0          0          6          0   adc_sample_comm.o
       106          0          0          0          0          0   adc_sample_driver.o
       242          0          0          0          0          0   adc_sample_interface.o
       186          0          0          0          0          0   com_usart_comm.o
        12          0          0          0          0          0   dac_comm.o
       360          0          0          0          0          0   dac_driver.o
       458          0          0          0          0          0   ddm_10g_config_interface.o
       392          0          0          0          0          0   ddm_1g_config_interface.o
       320          0          0          0          0          0   ddm_50g_config_interface.o
      4612        174          0          0          0          0   ddm_i2c_interface.o
      3602          0          0          0          0          0   ddm_sff_i2c_interface.o
         0          0          0        316          0          0   do_cmd_struct.o
       532          0          0          0          0          0   dsp_fsl.o
       542          0         11          0         60          0   dsp_fsl_i2c_interface.o
      3090         64          0        184          2          0   dsp_hpll_init.o
      1614          4          0          0          0          0   gd32e501_adc.o
       158          0          0          0          0          0   gd32e501_crc.o
       588          0          0          0          0          0   gd32e501_dac.o
       580          0          0          0          0          0   gd32e501_dma.o
       358          4          0          0          0          0   gd32e501_exti.o
      1504          0          0          0          0          0   gd32e501_fmc.o
       630          0          0          0          0          0   gd32e501_gpio.o
       688          0          0          0          0          0   gd32e501_i2c.o
       402          0          0          1         34          0   gd32e501_it.o
       362          0          0          0          0          0   gd32e501_misc.o
      1394         16          0          0          0          0   gd32e501_rcu.o
       212          4          0          0          0          0   gd32e501_syscfg.o
       728          0          0          0          0          0   gd32e501_usart.o
      2832         48          0          0          0          0   gn7153.o
       678          0          0          0        712          0   i2c_comm.o
       270          0          0          0          0          0   i2c_driver.o
      5954          0          7          0       1136          0   i2c_opt_ie.o
      2242          0          0          0          0          0   ip_op.o
      1018          0         16          0          0          0   main.o
       142          0          0          0          0          0   mcu_config_public.o
        34          0          0          0         40          0   mcu_global_vars_param.o
      1450          0          0          0          0          0   mcu_system_comm.o
        16          0          0          4          0          0   reg_op.o
     20094        284        593       1536        314          0   sff_8472.o
       358         32          0          0          0          0   sgm2508_ea.o
       738         32          0          0          0          0   sgm41282c_apd.o
       480         20          0          0          0          0   sgm41296_tec.o
        36          8        340          0       2560          0   startup_gd32e501.o
       580          0          0          4          0          0   system_gd32e501.o
       230          0          0          0          4          0   systick.o
      1110         48          0          0          8          0   tec_comm.o
       136          8          0          0          0          0   tec_driver.o
       678         20          0          0          0          0   tec_i2c_interface.o
       826         16          0        400          0          0   thermistor_rth.o
       100          0          0          0          0          0   trigger_interrupt_mode.o
      1828          6         93          1         23          0   update_comm.o
      1396          0        152          0          1          0   update_i2c_interface.o
      1540         36          0         40          0          0   ux3326.o

    ----------------------------------------------------------------------
     69420        840       1244       2488       4912          0   Object Totals
         0          0         32          0          0          0   (incl. Generated)
       430         16          0          2         12          0   (incl. Padding)

    ----------------------------------------------------------------------

      Code (inc. data)   RO Data    RW Data    ZI Data      Debug   Library Member Name

       280         28          0          0          0          0   ceil.o
       184         44          0          0          0          0   dunder.o
       856        142         88          0          0          0   exp.o
        24          0          0          0          0          0   fabs.o
       280         28          0          0          0          0   floor.o
        48          0          0          0          0          0   fpclassify.o
       980         92         56          0          0          0   log.o
       304         44          0          0          0          0   log10.o
       248          0          0          0          0          0   poly.o
      3168        296        136          0          0          0   pow.o
         0          0          8          0          0          0   qnan.o
       110          0          0          0          0          0   sqrt.o
        86          0          0          0          0          0   __dczerorl2.o
         0          0          0          0          0          0   entry.o
         0          0          0          0          0          0   entry10a.o
         0          0          0          0          0          0   entry11a.o
         8          4          0          0          0          0   entry2.o
         4          0          0          0          0          0   entry5.o
         0          0          0          0          0          0   entry7b.o
         0          0          0          0          0          0   entry8b.o
         8          4          0          0          0          0   entry9a.o
        12          6          0          4          0          0   errno.o
        30          0          0          0          0          0   handlers.o
        36          8          0          0          0          0   init.o
         0          0          0          0          0          0   iusefp.o
        30          0          0          0          0          0   llshl.o
        36          0          0          0          0          0   llsshr.o
        32          0          0          0          0          0   llushr.o
       108         16          0          0          0          0   malloc.o
        26          0          0          0          0          0   memcmp.o
        36          0          0          0          0          0   memcpya.o
        36          0          0          0          0          0   memseta.o
         0          0          0          8          0          0   mvars.o
      2258         90          0          0          0          0   printfa.o
         0          0          0          4          0          0   stdout.o
        14          0          0          0          0          0   strlen.o
        44          0          0          0          0          0   uidiv.o
        98          0          0          0          0          0   uldiv.o
        48          0          0          0          0          0   cdcmple.o
        48          0          0          0          0          0   cdrcmple.o
        56          0          0          0          0          0   d2f.o
       334          0          0          0          0          0   dadd.o
        54          0          0          0          0          0   dcmpge.o
        54          0          0          0          0          0   dcmple.o
       222          0          0          0          0          0   ddiv.o
       186          0          0          0          0          0   depilogue.o
        62          0          0          0          0          0   dfixi.o
        50          0          0          0          0          0   dfixui.o
        48          0          0          0          0          0   dfixul.o
        34          0          0          0          0          0   dflti.o
        26          0          0          0          0          0   dfltui.o
        24          0          0          0          0          0   dfltul.o
       228          0          0          0          0          0   dmul.o
        46          0          0          0          0          0   dscalb.o
       162          0          0          0          0          0   dsqrt.o
        38          0          0          0          0          0   f2d.o
       110          0          0          0          0          0   fepilogue.o

    ----------------------------------------------------------------------
     11232        806        288         16          0          0   Library Totals
        18          4          0          0          0          0   (incl. Padding)

    ----------------------------------------------------------------------

      Code (inc. data)   RO Data    RW Data    ZI Data      Debug   Library Name

      6482        674        288          0          0          0   m_wm.l
      2902        128          0         16          0          0   mc_w.l
      1830          0          0          0          0          0   mf_w.l

    ----------------------------------------------------------------------
     11232        806        288         16          0          0   Library Totals

    ----------------------------------------------------------------------

==============================================================================


      Code (inc. data)   RO Data    RW Data    ZI Data      Debug   

     80652       1646       1532       2504       4912          0   Grand Totals
     80652       1646       1532        872       4912          0   ELF Image Totals (compressed)
     80652       1646       1532        872          0          0   ROM Totals

==============================================================================

    Total RO  Size (Code + RO Data)                82184 (  80.26kB)
    Total RW  Size (RW Data + ZI Data)              7416 (   7.24kB)
    Total ROM Size (Code + RO Data + RW Data)      83056 (  81.11kB)

==============================================================================

